Archive member included because of file (symbol)

/usr0/home/merazo/bin/gcc-arm-none-eabi/bin/../lib/gcc/arm-none-eabi/4.7.3/../../../../arm-none-eabi/lib/armv7-m/libm.a(lib_a-s_atan.o)
                              bin/sensfusion6.o (atan)
/usr0/home/merazo/bin/gcc-arm-none-eabi/bin/../lib/gcc/arm-none-eabi/4.7.3/../../../../arm-none-eabi/lib/armv7-m/libm.a(lib_a-s_cos.o)
                              bin/imu.o (cos)
/usr0/home/merazo/bin/gcc-arm-none-eabi/bin/../lib/gcc/arm-none-eabi/4.7.3/../../../../arm-none-eabi/lib/armv7-m/libm.a(lib_a-s_fabs.o)
                              /usr0/home/merazo/bin/gcc-arm-none-eabi/bin/../lib/gcc/arm-none-eabi/4.7.3/../../../../arm-none-eabi/lib/armv7-m/libm.a(lib_a-s_atan.o) (fabs)
/usr0/home/merazo/bin/gcc-arm-none-eabi/bin/../lib/gcc/arm-none-eabi/4.7.3/../../../../arm-none-eabi/lib/armv7-m/libm.a(lib_a-s_sin.o)
                              bin/imu.o (sin)
/usr0/home/merazo/bin/gcc-arm-none-eabi/bin/../lib/gcc/arm-none-eabi/4.7.3/../../../../arm-none-eabi/lib/armv7-m/libm.a(lib_a-w_atan2.o)
                              bin/sensfusion6.o (atan2)
/usr0/home/merazo/bin/gcc-arm-none-eabi/bin/../lib/gcc/arm-none-eabi/4.7.3/../../../../arm-none-eabi/lib/armv7-m/libm.a(lib_a-w_pow.o)
                              bin/ms5611.o (pow)
/usr0/home/merazo/bin/gcc-arm-none-eabi/bin/../lib/gcc/arm-none-eabi/4.7.3/../../../../arm-none-eabi/lib/armv7-m/libm.a(lib_a-w_sqrt.o)
                              bin/sensfusion6.o (sqrt)
/usr0/home/merazo/bin/gcc-arm-none-eabi/bin/../lib/gcc/arm-none-eabi/4.7.3/../../../../arm-none-eabi/lib/armv7-m/libm.a(lib_a-e_atan2.o)
                              /usr0/home/merazo/bin/gcc-arm-none-eabi/bin/../lib/gcc/arm-none-eabi/4.7.3/../../../../arm-none-eabi/lib/armv7-m/libm.a(lib_a-w_atan2.o) (__ieee754_atan2)
/usr0/home/merazo/bin/gcc-arm-none-eabi/bin/../lib/gcc/arm-none-eabi/4.7.3/../../../../arm-none-eabi/lib/armv7-m/libm.a(lib_a-e_pow.o)
                              /usr0/home/merazo/bin/gcc-arm-none-eabi/bin/../lib/gcc/arm-none-eabi/4.7.3/../../../../arm-none-eabi/lib/armv7-m/libm.a(lib_a-w_pow.o) (__ieee754_pow)
/usr0/home/merazo/bin/gcc-arm-none-eabi/bin/../lib/gcc/arm-none-eabi/4.7.3/../../../../arm-none-eabi/lib/armv7-m/libm.a(lib_a-e_rem_pio2.o)
                              /usr0/home/merazo/bin/gcc-arm-none-eabi/bin/../lib/gcc/arm-none-eabi/4.7.3/../../../../arm-none-eabi/lib/armv7-m/libm.a(lib_a-s_cos.o) (__ieee754_rem_pio2)
/usr0/home/merazo/bin/gcc-arm-none-eabi/bin/../lib/gcc/arm-none-eabi/4.7.3/../../../../arm-none-eabi/lib/armv7-m/libm.a(lib_a-e_sqrt.o)
                              /usr0/home/merazo/bin/gcc-arm-none-eabi/bin/../lib/gcc/arm-none-eabi/4.7.3/../../../../arm-none-eabi/lib/armv7-m/libm.a(lib_a-w_sqrt.o) (__ieee754_sqrt)
/usr0/home/merazo/bin/gcc-arm-none-eabi/bin/../lib/gcc/arm-none-eabi/4.7.3/../../../../arm-none-eabi/lib/armv7-m/libm.a(lib_a-k_cos.o)
                              /usr0/home/merazo/bin/gcc-arm-none-eabi/bin/../lib/gcc/arm-none-eabi/4.7.3/../../../../arm-none-eabi/lib/armv7-m/libm.a(lib_a-s_cos.o) (__kernel_cos)
/usr0/home/merazo/bin/gcc-arm-none-eabi/bin/../lib/gcc/arm-none-eabi/4.7.3/../../../../arm-none-eabi/lib/armv7-m/libm.a(lib_a-k_rem_pio2.o)
                              /usr0/home/merazo/bin/gcc-arm-none-eabi/bin/../lib/gcc/arm-none-eabi/4.7.3/../../../../arm-none-eabi/lib/armv7-m/libm.a(lib_a-e_rem_pio2.o) (__kernel_rem_pio2)
/usr0/home/merazo/bin/gcc-arm-none-eabi/bin/../lib/gcc/arm-none-eabi/4.7.3/../../../../arm-none-eabi/lib/armv7-m/libm.a(lib_a-k_sin.o)
                              /usr0/home/merazo/bin/gcc-arm-none-eabi/bin/../lib/gcc/arm-none-eabi/4.7.3/../../../../arm-none-eabi/lib/armv7-m/libm.a(lib_a-s_cos.o) (__kernel_sin)
/usr0/home/merazo/bin/gcc-arm-none-eabi/bin/../lib/gcc/arm-none-eabi/4.7.3/../../../../arm-none-eabi/lib/armv7-m/libm.a(lib_a-s_finite.o)
                              /usr0/home/merazo/bin/gcc-arm-none-eabi/bin/../lib/gcc/arm-none-eabi/4.7.3/../../../../arm-none-eabi/lib/armv7-m/libm.a(lib_a-w_pow.o) (finite)
/usr0/home/merazo/bin/gcc-arm-none-eabi/bin/../lib/gcc/arm-none-eabi/4.7.3/../../../../arm-none-eabi/lib/armv7-m/libm.a(lib_a-s_floor.o)
                              /usr0/home/merazo/bin/gcc-arm-none-eabi/bin/../lib/gcc/arm-none-eabi/4.7.3/../../../../arm-none-eabi/lib/armv7-m/libm.a(lib_a-k_rem_pio2.o) (floor)
/usr0/home/merazo/bin/gcc-arm-none-eabi/bin/../lib/gcc/arm-none-eabi/4.7.3/../../../../arm-none-eabi/lib/armv7-m/libm.a(lib_a-s_fpclassify.o)
                              /usr0/home/merazo/bin/gcc-arm-none-eabi/bin/../lib/gcc/arm-none-eabi/4.7.3/../../../../arm-none-eabi/lib/armv7-m/libm.a(lib_a-w_pow.o) (__fpclassifyd)
/usr0/home/merazo/bin/gcc-arm-none-eabi/bin/../lib/gcc/arm-none-eabi/4.7.3/../../../../arm-none-eabi/lib/armv7-m/libm.a(lib_a-s_lib_ver.o)
                              /usr0/home/merazo/bin/gcc-arm-none-eabi/bin/../lib/gcc/arm-none-eabi/4.7.3/../../../../arm-none-eabi/lib/armv7-m/libm.a(lib_a-w_pow.o) (__fdlib_version)
[...]
Memory Configuration

Name             Origin             Length             Attributes
RAM              0x20000000         0x00005000         xrw
FLASH            0x08002800         0x0001d800         xr
FLASHPATCH       0x00000000         0x00000000         r
ENDFLASH         0x00000000         0x00000000         xr
FLASHB1          0x00000000         0x00000000         xr
EXTMEMB0         0x00000000         0x00000000         xr
EXTMEMB1         0x00000000         0x00000000         xr
EXTMEMB2         0x00000000         0x00000000         xr
EXTMEMB3         0x00000000         0x00000000         xr
UNEXPECTED_SECTIONS 0xffffffff         0x00000000
*default*        0x00000000         0xffffffff

Linker script and memory map

LOAD bin/startup_stm32f10x_md.o
LOAD bin/list.o
LOAD bin/tasks.o
LOAD bin/queue.o
LOAD bin/timers.o
LOAD bin/heap_4.o
LOAD bin/port.o
LOAD bin/misc.o
LOAD bin/stm32f10x_adc.o
LOAD bin/stm32f10x_dbgmcu.o
LOAD bin/stm32f10x_dma.o
LOAD bin/stm32f10x_exti.o
LOAD bin/stm32f10x_flash.o
LOAD bin/stm32f10x_gpio.o
LOAD bin/stm32f10x_i2c.o
LOAD bin/stm32f10x_iwdg.o
LOAD bin/stm32f10x_rcc.o
LOAD bin/stm32f10x_spi.o
LOAD bin/stm32f10x_tim.o
LOAD bin/stm32f10x_usart.o
LOAD bin/main.o
LOAD bin/led.o
LOAD bin/uart.o
LOAD bin/adc.o
LOAD bin/nrf24l01.o
LOAD bin/exti.o
LOAD bin/nvic.o
LOAD bin/motors.o
LOAD bin/mpu6050.o
LOAD bin/i2cdev.o
LOAD bin/i2croutines.o
LOAD bin/hmc5883l.o
LOAD bin/ms5611.o
LOAD bin/crtp.o
LOAD bin/ledseq.o
LOAD bin/freeRTOSdebug.o
LOAD bin/imu.o
LOAD bin/pm.o
LOAD bin/radiolink.o
LOAD bin/eskylink.o
LOAD bin/usec_time.o
LOAD bin/system.o
LOAD bin/comm.o
LOAD bin/console.o
LOAD bin/pid.o
LOAD bin/crtpservice.o
LOAD bin/param.o
LOAD bin/commander.o
LOAD bin/controller.o
LOAD bin/sensfusion6.o
LOAD bin/stabilizer.o
LOAD bin/log.o
LOAD bin/worker.o
LOAD bin/filter.o
LOAD bin/cpuid.o
LOAD bin/cfassert.o
LOAD bin/configblock.o
LOAD bin/eprintf.o
LOAD bin/crc.o
LOAD bin/fp16.o
LOAD bin/debug.o
LOAD bin/abort.o
LOAD bin/version.o
LOAD /usr0/home/merazo/bin/gcc-arm-none-eabi/bin/../lib/gcc/arm-none-eabi/4.7.3/../../../../arm-none-eabi/lib/armv7-m/libm.a
                0x00000400                __Stack_Size = 0x400
                0x00000400                PROVIDE (_Stack_Size, __Stack_Size)
                0x20004c00                __Stack_Init = (_estack - __Stack_Size)
                0x20004c00                PROVIDE (_Stack_Init, __Stack_Init)
                0x00000100                _Minimum_Stack_Size = 0x100
                0x00000000                PROVIDE (Undefined_Handler, 0x0)
                0x00000000                PROVIDE (SWI_Handler, 0x0)
                0x00000000                PROVIDE (IRQ_Handler, 0x0)
                0x00000000                PROVIDE (Prefetch_Handler, 0x0)
                0x00000000                PROVIDE (Abort_Handler, 0x0)
                0x00000000                PROVIDE (FIQ_Handler, 0x0)
                0x00000000                PROVIDE (NMIException, 0x0)
                0x00000000                PROVIDE (NMI_Handler, 0x0)
                0x00000000                PROVIDE (HardFaultException, 0x0)
                0x00000000                PROVIDE (HardFault_Handler, 0x0)
                0x00000000                PROVIDE (MemManageException, 0x0)
                0x00000000                PROVIDE (MemManage_Handler, 0x0)
                0x00000000                PROVIDE (BusFaultException, 0x0)
                0x00000000                PROVIDE (BusFault_Handler, 0x0)
                0x00000000                PROVIDE (UsageFaultException, 0x0)
                0x00000000                PROVIDE (UsageFault_Handler, 0x0)
                0x00000000                PROVIDE (SVCHandler, 0x0)
                0x00000000                PROVIDE (SVC_Handler, 0x0)
                0x00000000                PROVIDE (DebugMonitor, 0x0)
                0x00000000                PROVIDE (DebugMon_Handler, 0x0)
                0x00000000                PROVIDE (PendSVC, 0x0)
                0x00000000                PROVIDE (PendSV_Handler, 0x0)
                0x00000000                PROVIDE (SysTickHandler, 0x0)
                0x00000000                PROVIDE (SysTick_Handler, 0x0)
                0x00000000                PROVIDE (WWDG_IRQHandler, 0x0)
                0x00000000                PROVIDE (PVD_IRQHandler, 0x0)
                0x00000000                PROVIDE (TAMPER_IRQHandler, 0x0)
                0x00000000                PROVIDE (RTC_IRQHandler, 0x0)
                0x00000000                PROVIDE (FLASH_IRQHandler, 0x0)
                0x00000000                PROVIDE (RCC_IRQHandler, 0x0)
                0x00000000                PROVIDE (EXTI0_IRQHandler, 0x0)
                0x00000000                PROVIDE (EXTI1_IRQHandler, 0x0)
                0x00000000                PROVIDE (EXTI2_IRQHandler, 0x0)
                0x00000000                PROVIDE (EXTI3_IRQHandler, 0x0)
                0x00000000                PROVIDE (EXTI4_IRQHandler, 0x0)
                0x00000000                PROVIDE (DMAChannel1_IRQHandler, 0x0)
                0x00000000                PROVIDE (DMAChannel2_IRQHandler, 0x0)
                0x00000000                PROVIDE (DMAChannel3_IRQHandler, 0x0)
                0x00000000                PROVIDE (DMAChannel4_IRQHandler, 0x0)
                0x00000000                PROVIDE (DMAChannel5_IRQHandler, 0x0)
                0x00000000                PROVIDE (DMAChannel6_IRQHandler, 0x0)
                0x00000000                PROVIDE (DMAChannel7_IRQHandler, 0x0)
                0x00000000                PROVIDE (DMA1_Channel1_IRQHandler, 0x0)
                0x00000000                PROVIDE (DMA1_Channel2_IRQHandler, 0x0)
                0x00000000                PROVIDE (DMA1_Channel3_IRQHandler, 0x0)
                0x00000000                PROVIDE (DMA1_Channel4_IRQHandler, 0x0)
                0x00000000                PROVIDE (DMA1_Channel5_IRQHandler, 0x0)
                0x00000000                PROVIDE (DMA1_Channel6_IRQHandler, 0x0)
                0x00000000                PROVIDE (DMA1_Channel7_IRQHandler, 0x0)
                0x00000000                PROVIDE (ADC_IRQHandler, 0x0)
                0x00000000                PROVIDE (ADC1_2_IRQHandler, 0x0)
                0x00000000                PROVIDE (USB_HP_CAN_TX_IRQHandler, 0x0)
                0x00000000                PROVIDE (USB_HP_CAN1_TX_IRQHandler, 0x0)
                0x00000000                PROVIDE (USB_LP_CAN_RX0_IRQHandler, 0x0)
                0x00000000                PROVIDE (USB_LP_CAN1_RX0_IRQHandler, 0x0)
                0x00000000                PROVIDE (CAN_RX1_IRQHandler, 0x0)
                0x00000000                PROVIDE (CAN1_RX1_IRQHandler, 0x0)
                0x00000000                PROVIDE (CAN_SCE_IRQHandler, 0x0)
                0x00000000                PROVIDE (CAN1_SCE_IRQHandler, 0x0)
                0x00000000                PROVIDE (EXTI9_5_IRQHandler, 0x0)
                0x00000000                PROVIDE (TIM1_BRK_IRQHandler, 0x0)
                0x00000000                PROVIDE (TIM1_UP_IRQHandler, 0x0)
                0x00000000                PROVIDE (TIM1_TRG_COM_IRQHandler, 0x0)
                0x00000000                PROVIDE (TIM1_CC_IRQHandler, 0x0)
                0x00000000                PROVIDE (TIM2_IRQHandler, 0x0)
                0x00000000                PROVIDE (TIM3_IRQHandler, 0x0)
                0x00000000                PROVIDE (TIM4_IRQHandler, 0x0)
                0x00000000                PROVIDE (I2C1_EV_IRQHandler, 0x0)
                0x00000000                PROVIDE (I2C1_ER_IRQHandler, 0x0)
                0x00000000                PROVIDE (I2C2_EV_IRQHandler, 0x0)
                0x00000000                PROVIDE (I2C2_ER_IRQHandler, 0x0)
                0x00000000                PROVIDE (SPI1_IRQHandler, 0x0)
                0x00000000                PROVIDE (SPI2_IRQHandler, 0x0)
                0x00000000                PROVIDE (USART1_IRQHandler, 0x0)
                0x00000000                PROVIDE (USART2_IRQHandler, 0x0)
                0x00000000                PROVIDE (USART3_IRQHandler, 0x0)
                0x00000000                PROVIDE (EXTI15_10_IRQHandler, 0x0)
                0x00000000                PROVIDE (RTCAlarm_IRQHandler, 0x0)
                0x00000000                PROVIDE (USBWakeUp_IRQHandler, 0x0)
                0x00000000                PROVIDE (TIM8_BRK_IRQHandler, 0x0)
                0x00000000                PROVIDE (TIM8_UP_IRQHandler, 0x0)
                0x00000000                PROVIDE (TIM8_TRG_COM_IRQHandler, 0x0)
                0x00000000                PROVIDE (TIM8_CC_IRQHandler, 0x0)
                0x00000000                PROVIDE (ADC3_IRQHandler, 0x0)
                0x00000000                PROVIDE (FSMC_IRQHandler, 0x0)
                0x00000000                PROVIDE (SDIO_IRQHandler, 0x0)
                0x00000000                PROVIDE (TIM5_IRQHandler, 0x0)
                0x00000000                PROVIDE (SPI3_IRQHandler, 0x0)
                0x00000000                PROVIDE (UART4_IRQHandler, 0x0)
                0x00000000                PROVIDE (UART5_IRQHandler, 0x0)
                0x00000000                PROVIDE (TIM6_IRQHandler, 0x0)
                0x00000000                PROVIDE (TIM7_IRQHandler, 0x0)
                0x00000000                PROVIDE (DMA2_Channel1_IRQHandler, 0x0)
                0x00000000                PROVIDE (DMA2_Channel2_IRQHandler, 0x0)
                0x00000000                PROVIDE (DMA2_Channel3_IRQHandler, 0x0)
                0x00000000                PROVIDE (DMA2_Channel4_5_IRQHandler, 0x0)
                0x42000000                PERIPH_BB_BASE = 0x42000000
                0x22000000                SRAM_BB_BASE = 0x22000000
                0x20000000                SRAM_BASE = 0x20000000
                0x40000000                PERIPH_BASE = 0x40000000
                0x40022000                PROVIDE (FLASH_BASE, 0x40022000)
                0x1ffff800                PROVIDE (OB_BASE, 0x1ffff800)
                0x40000000                APB1PERIPH_BASE = PERIPH_BASE
                0x40010000                APB2PERIPH_BASE = (PERIPH_BASE + 0x10000)
                0x40020000                AHBPERIPH_BASE = (PERIPH_BASE + 0x20000)
                0x40000000                PROVIDE (TIM2, (APB1PERIPH_BASE + 0x0))
                0x40000400                PROVIDE (TIM3, (APB1PERIPH_BASE + 0x400))
                0x40000800                PROVIDE (TIM4, (APB1PERIPH_BASE + 0x800))
                0x40002800                PROVIDE (RTC, (APB1PERIPH_BASE + 0x2800))
                0x40002c00                PROVIDE (WWDG, (APB1PERIPH_BASE + 0x2c00))
                0x40003000                PROVIDE (IWDG, (APB1PERIPH_BASE + 0x3000))
                0x40003800                PROVIDE (SPI2, (APB1PERIPH_BASE + 0x3800))
                0x40004400                PROVIDE (USART2, (APB1PERIPH_BASE + 0x4400))
                0x40004800                PROVIDE (USART3, (APB1PERIPH_BASE + 0x4800))
                0x40005400                PROVIDE (I2C1, (APB1PERIPH_BASE + 0x5400))
                0x40005800                PROVIDE (I2C2, (APB1PERIPH_BASE + 0x5800))
                0x40006400                PROVIDE (CAN, (APB1PERIPH_BASE + 0x6400))
                0x40006c00                PROVIDE (BKP, (APB1PERIPH_BASE + 0x6c00))
                0x40007000                PROVIDE (PWR, (APB1PERIPH_BASE + 0x7000))
                0x40010000                PROVIDE (AFIO, (APB2PERIPH_BASE + 0x0))
                0x40010400                PROVIDE (EXTI, (APB2PERIPH_BASE + 0x400))
                0x40010800                PROVIDE (GPIOA, (APB2PERIPH_BASE + 0x800))
                0x40010c00                PROVIDE (GPIOB, (APB2PERIPH_BASE + 0xc00))
                0x40011000                PROVIDE (GPIOC, (APB2PERIPH_BASE + 0x1000))
                0x40011400                PROVIDE (GPIOD, (APB2PERIPH_BASE + 0x1400))
                0x40011800                PROVIDE (GPIOE, (APB2PERIPH_BASE + 0x1800))
                0x40012400                PROVIDE (ADC1, (APB2PERIPH_BASE + 0x2400))
                0x40012800                PROVIDE (ADC2, (APB2PERIPH_BASE + 0x2800))
                0x40012c00                PROVIDE (TIM1, (APB2PERIPH_BASE + 0x2c00))
                0x40013000                PROVIDE (SPI1, (APB2PERIPH_BASE + 0x3000))
                0x40013800                PROVIDE (USART1, (APB2PERIPH_BASE + 0x3800))
                0x40020000                PROVIDE (DMA, (AHBPERIPH_BASE + 0x0))
                0x40020008                PROVIDE (DMA_Channel1, (AHBPERIPH_BASE + 0x8))
                0x4002001c                PROVIDE (DMA_Channel2, (AHBPERIPH_BASE + 0x1c))
                0x40020030                PROVIDE (DMA_Channel3, (AHBPERIPH_BASE + 0x30))
                0x40020044                PROVIDE (DMA_Channel4, (AHBPERIPH_BASE + 0x44))
                0x40020058                PROVIDE (DMA_Channel5, (AHBPERIPH_BASE + 0x58))
                0x4002006c                PROVIDE (DMA_Channel6, (AHBPERIPH_BASE + 0x6c))
                0x40020080                PROVIDE (DMA_Channel7, (AHBPERIPH_BASE + 0x80))
                0x40021000                PROVIDE (RCC, (AHBPERIPH_BASE + 0x1000))
                0xe000e000                SCS_BASE = 0xe000e000
                0xe000e010                PROVIDE (SysTick, (SCS_BASE + 0x10))
                0xe000e100                PROVIDE (NVIC, (SCS_BASE + 0x100))
                0xe000ed00                PROVIDE (SCB, (SCS_BASE + 0xd00))
                0x20005000                _estack = 0x20005000

.isr_vector     0x08002800      0x10c
                0x08002800                . = ALIGN (0x4)
 *(.isr_vector)
 .isr_vector    0x08002800      0x10c bin/startup_stm32f10x_md.o
                0x08002800                g_pfnVectors
                0x0800290c                . = ALIGN (0x4)

.flashtext      0x0800290c        0x0
                0x0800290c                . = ALIGN (0x4)
 *(.flashtext)
                0x0800290c                . = ALIGN (0x4)

.text           0x08002910     0xd844
                0x08002910                . = ALIGN (0x4)
 *(.text)
 .text          0x08002910      0x370 /usr0/home/merazo/bin/gcc-arm-none-eabi/bin/../lib/gcc/arm-none-eabi/4.7.3/armv7-m/libgcc.a(_arm_addsubdf3.o)
                0x08002910                __aeabi_drsub
                0x08002918                __aeabi_dsub
                0x08002918                __subdf3
                0x0800291c                __adddf3
                0x0800291c                __aeabi_dadd
                0x08002b94                __aeabi_ui2d
                0x08002b94                __floatunsidf
                0x08002bb4                __floatsidf
                0x08002bb4                __aeabi_i2d
                0x08002bd8                __extendsfdf2
                0x08002bd8                __aeabi_f2d
                0x08002c14                __aeabi_ul2d
                0x08002c14                __floatundidf
                0x08002c24                __floatdidf
                0x08002c24                __aeabi_l2d
 .text          0x08002c80      0x424 /usr0/home/merazo/bin/gcc-arm-none-eabi/bin/../lib/gcc/arm-none-eabi/4.7.3/armv7-m/libgcc.a(_arm_muldivdf3.o)
                0x08002c80                __aeabi_dmul
                0x08002c80                __muldf3
                0x08002ed4                __aeabi_ddiv
                0x08002ed4                __divdf3
 .text          0x080030a4      0x110 /usr0/home/merazo/bin/gcc-arm-none-eabi/bin/../lib/gcc/arm-none-eabi/4.7.3/armv7-m/libgcc.a(_arm_cmpdf2.o)
                0x080030a4                __gtdf2
                0x080030a4                __gedf2
                0x080030ac                __ltdf2
                0x080030ac                __ledf2
                0x080030b4                __cmpdf2
                0x080030b4                __eqdf2
                0x080030b4                __nedf2
                0x08003130                __aeabi_cdrcmple
                0x08003140                __aeabi_cdcmple
                0x08003140                __aeabi_cdcmpeq
                0x08003150                __aeabi_dcmpeq
                0x08003164                __aeabi_dcmplt
                0x08003178                __aeabi_dcmple
                0x0800318c                __aeabi_dcmpge
                0x080031a0                __aeabi_dcmpgt
 .text          0x080031b4       0x50 /usr0/home/merazo/bin/gcc-arm-none-eabi/bin/../lib/gcc/arm-none-eabi/4.7.3/armv7-m/libgcc.a(_arm_fixdfsi.o)
                0x080031b4                __fixdfsi
                0x080031b4                __aeabi_d2iz
 .text          0x08003204       0x40 /usr0/home/merazo/bin/gcc-arm-none-eabi/bin/../lib/gcc/arm-none-eabi/4.7.3/armv7-m/libgcc.a(_arm_fixunsdfsi.o)
                0x08003204                __fixunsdfsi
                0x08003204                __aeabi_d2uiz
 .text          0x08003244       0xa0 /usr0/home/merazo/bin/gcc-arm-none-eabi/bin/../lib/gcc/arm-none-eabi/4.7.3/armv7-m/libgcc.a(_arm_truncdfsf2.o)
                0x08003244                __aeabi_d2f
                0x08003244                __truncdfsf2
 .text          0x080032e4      0x21c /usr0/home/merazo/bin/gcc-arm-none-eabi/bin/../lib/gcc/arm-none-eabi/4.7.3/armv7-m/libgcc.a(_arm_addsubsf3.o)
                0x080032e4                __aeabi_frsub
                0x080032ec                __subsf3
                0x080032ec                __aeabi_fsub
                0x080032f0                __aeabi_fadd
                0x080032f0                __addsf3
                0x08003450                __aeabi_ui2f
                0x08003450                __floatunsisf
                0x08003458                __aeabi_i2f
                0x08003458                __floatsisf
                0x08003474                __floatundisf
                0x08003474                __aeabi_ul2f
                0x08003484                __floatdisf
                0x08003484                __aeabi_l2f
 .text          0x08003500      0x2a0 /usr0/home/merazo/bin/gcc-arm-none-eabi/bin/../lib/gcc/arm-none-eabi/4.7.3/armv7-m/libgcc.a(_arm_muldivsf3.o)
                0x08003500                __mulsf3
                0x08003500                __aeabi_fmul
                0x08003668                __divsf3
                0x08003668                __aeabi_fdiv
 .text          0x080037a0       0xec /usr0/home/merazo/bin/gcc-arm-none-eabi/bin/../lib/gcc/arm-none-eabi/4.7.3/armv7-m/libgcc.a(_arm_cmpsf2.o)
                0x080037a0                __gtsf2
                0x080037a0                __gesf2
                0x080037a8                __lesf2
                0x080037a8                __ltsf2
                0x080037b0                __nesf2
                0x080037b0                __eqsf2
                0x080037b0                __cmpsf2
                0x08003810                __aeabi_cfrcmple
                0x08003818                __aeabi_cfcmple
                0x08003818                __aeabi_cfcmpeq
                0x08003828                __aeabi_fcmpeq
                0x0800383c                __aeabi_fcmplt
                0x08003850                __aeabi_fcmple
                0x08003864                __aeabi_fcmpge
                0x08003878                __aeabi_fcmpgt
 .text          0x0800388c       0x4c /usr0/home/merazo/bin/gcc-arm-none-eabi/bin/../lib/gcc/arm-none-eabi/4.7.3/armv7-m/libgcc.a(_arm_fixsfsi.o)
                0x0800388c                __fixsfsi
                0x0800388c                __aeabi_f2iz
 .text          0x080038d8       0x38 /usr0/home/merazo/bin/gcc-arm-none-eabi/bin/../lib/gcc/arm-none-eabi/4.7.3/armv7-m/libgcc.a(_aeabi_ldivmod.o)
                0x080038d8                __aeabi_ldivmod
 .text          0x08003910       0x60 /usr0/home/merazo/bin/gcc-arm-none-eabi/bin/../lib/gcc/arm-none-eabi/4.7.3/armv7-m/libgcc.a(bpabi.o)
                0x08003910                __gnu_ldivmod_helper
                0x08003940                __gnu_uldivmod_helper
 .text          0x08003970        0x4 /usr0/home/merazo/bin/gcc-arm-none-eabi/bin/../lib/gcc/arm-none-eabi/4.7.3/armv7-m/libgcc.a(_dvmd_tls.o)
                0x08003970                __aeabi_ldiv0
                0x08003970                __aeabi_idiv0
 .text          0x08003974      0x2bc /usr0/home/merazo/bin/gcc-arm-none-eabi/bin/../lib/gcc/arm-none-eabi/4.7.3/armv7-m/libgcc.a(_divdi3.o)
                0x08003974                __divdi3
 .text          0x08003c30      0x28c /usr0/home/merazo/bin/gcc-arm-none-eabi/bin/../lib/gcc/arm-none-eabi/4.7.3/armv7-m/libgcc.a(_udivdi3.o)
                0x08003c30                __udivdi3
 *(.text.*)
 .text.Reset_Handler
                0x08003ebc       0x48 bin/startup_stm32f10x_md.o
                0x08003ebc                Reset_Handler
 .text.Default_Handler
                0x08003f04        0x4 bin/startup_stm32f10x_md.o
                0x08003f04                EXTI2_IRQHandler
                0x08003f04                TIM1_CC_IRQHandler
                0x08003f04                PVD_IRQHandler
                0x08003f04                EXTI3_IRQHandler
                0x08003f04                EXTI0_IRQHandler
                0x08003f04                ADC1_2_IRQHandler
                0x08003f04                SPI1_IRQHandler
                0x08003f04                TAMPER_IRQHandler
                0x08003f04                RTC_IRQHandler
                0x08003f04                CAN1_RX1_IRQHandler
                0x08003f04                TIM4_IRQHandler
                0x08003f04                TIM3_IRQHandler
                0x08003f04                RCC_IRQHandler
                0x08003f04                TIM1_TRG_COM_IRQHandler
                0x08003f04                Default_Handler
                0x08003f04                EXTI15_10_IRQHandler
                0x08003f04                SPI2_IRQHandler
                0x08003f04                EXTI4_IRQHandler
                0x08003f04                USB_LP_CAN1_RX0_IRQHandler
                0x08003f04                USB_HP_CAN1_TX_IRQHandler
                0x08003f04                DMA1_Channel3_IRQHandler
                0x08003f04                WWDG_IRQHandler
                0x08003f04                TIM2_IRQHandler
                0x08003f04                TIM1_BRK_IRQHandler
                0x08003f04                EXTI1_IRQHandler
                0x08003f04                RTCAlarm_IRQHandler
                0x08003f04                USART2_IRQHandler
                0x08003f04                CAN1_SCE_IRQHandler
                0x08003f04                FLASH_IRQHandler
                0x08003f04                USART1_IRQHandler
                0x08003f04                USBWakeUp_IRQHandler
 .text.vListInitialise
                0x08003f08       0x16 bin/list.o
                0x08003f08                vListInitialise
 .text.vListInitialiseItem
                0x08003f1e        0x6 bin/list.o
                0x08003f1e                vListInitialiseItem
 .text.vListInsertEnd
                0x08003f24       0x1c bin/list.o
                0x08003f24                vListInsertEnd
 .text.vListInsert
                0x08003f40       0x30 bin/list.o
                0x08003f40                vListInsert
 .text.uxListRemove
                0x08003f70       0x26 bin/list.o
                0x08003f70                uxListRemove
 .text.prvIdleTask
                0x08003f96        0x2 bin/tasks.o
 .text.prvAddCurrentTaskToDelayedList
                0x08003f98       0x50 bin/tasks.o
 .text.xTaskGenericCreate
                0x08003fe8      0x178 bin/tasks.o
                0x08003fe8                xTaskGenericCreate
 .text.vTaskStartScheduler
                0x08004160       0x54 bin/tasks.o
                0x08004160                vTaskStartScheduler
 .text.vTaskSuspendAll
                0x080041b4       0x10 bin/tasks.o
                0x080041b4                vTaskSuspendAll
 .text.xTaskGetTickCount
                0x080041c4       0x18 bin/tasks.o
                0x080041c4                xTaskGetTickCount
 .text.vTaskIncrementTick
                0x080041dc       0xd4 bin/tasks.o
                0x080041dc                vTaskIncrementTick
 .text.xTaskResumeAll
                0x080042b0       0xc0 bin/tasks.o
                0x080042b0                xTaskResumeAll
 .text.vTaskDelay
                0x08004370       0x3c bin/tasks.o
                0x08004370                vTaskDelay
 .text.vTaskDelayUntil
                0x080043ac       0x60 bin/tasks.o
                0x080043ac                vTaskDelayUntil
 .text.vTaskSetApplicationTaskTag
                0x0800440c       0x20 bin/tasks.o
                0x0800440c                vTaskSetApplicationTaskTag
 .text.vTaskSwitchContext
                0x0800442c       0x80 bin/tasks.o
                0x0800442c                vTaskSwitchContext
 .text.vTaskPlaceOnEventList
                0x080044ac       0x2c bin/tasks.o
                0x080044ac                vTaskPlaceOnEventList
 .text.vTaskPlaceOnEventListRestricted
                0x080044d8       0x2c bin/tasks.o
                0x080044d8                vTaskPlaceOnEventListRestricted
 .text.xTaskRemoveFromEventList
                0x08004504       0x64 bin/tasks.o
                0x08004504                xTaskRemoveFromEventList
 .text.vTaskSetTimeOutState
                0x08004568       0x18 bin/tasks.o
                0x08004568                vTaskSetTimeOutState
 .text.xTaskCheckForTimeOut
                0x08004580       0x50 bin/tasks.o
                0x08004580                xTaskCheckForTimeOut
 .text.vTaskMissedYield
                0x080045d0        0xc bin/tasks.o
                0x080045d0                vTaskMissedYield
 .text.xTaskGetCurrentTaskHandle
                0x080045dc        0xc bin/tasks.o
                0x080045dc                xTaskGetCurrentTaskHandle
 .text.xTaskGetSchedulerState
                0x080045e8       0x1c bin/tasks.o
                0x080045e8                xTaskGetSchedulerState
 .text.vTaskPriorityInherit
                0x08004604       0x6c bin/tasks.o
                0x08004604                vTaskPriorityInherit
 .text.vTaskPriorityDisinherit
                0x08004670       0x48 bin/tasks.o
                0x08004670                vTaskPriorityDisinherit
 .text.prvUnlockQueue
                0x080046b8       0x64 bin/queue.o
 .text.prvCopyDataFromQueue
                0x0800471c       0x26 bin/queue.o
 .text.prvCopyDataToQueue
                0x08004742       0x58 bin/queue.o
 .text.xQueueGenericReset
                0x0800479a       0x5c bin/queue.o
                0x0800479a                xQueueGenericReset
 .text.xQueueGenericCreate
                0x080047f6       0x40 bin/queue.o
                0x080047f6                xQueueGenericCreate
 .text.xQueueGenericSend
                0x08004836       0xce bin/queue.o
                0x08004836                xQueueGenericSend
 .text.xQueueCreateMutex
                0x08004904       0x46 bin/queue.o
                0x08004904                xQueueCreateMutex
 .text.xQueueGenericSendFromISR
                0x0800494a       0x58 bin/queue.o
                0x0800494a                xQueueGenericSendFromISR
 .text.xQueueGenericReceive
                0x080049a2      0x102 bin/queue.o
                0x080049a2                xQueueGenericReceive
 .text.uxQueueMessagesWaiting
                0x08004aa4       0x12 bin/queue.o
                0x08004aa4                uxQueueMessagesWaiting
 .text.vQueueWaitForMessageRestricted
                0x08004ab6       0x3a bin/queue.o
                0x08004ab6                vQueueWaitForMessageRestricted
 .text.prvCheckForValidListAndQueue
                0x08004af0       0x4c bin/timers.o
 .text.prvInsertTimerInActiveList
                0x08004b3c       0x3c bin/timers.o
 .text.xTimerCreateTimerTask
                0x08004b78       0x34 bin/timers.o
                0x08004b78                xTimerCreateTimerTask
 .text.xTimerCreate
                0x08004bac       0x3c bin/timers.o
                0x08004bac                xTimerCreate
 .text.xTimerGenericCommand
                0x08004be8       0x44 bin/timers.o
                0x08004be8                xTimerGenericCommand
 .text.prvSwitchTimerLists.isra.1
                0x08004c2c       0x60 bin/timers.o
 .text.prvTimerTask
                0x08004c8c      0x138 bin/timers.o
 .text.pvTimerGetTimerID
                0x08004dc4        0x4 bin/timers.o
                0x08004dc4                pvTimerGetTimerID
 .text.prvInsertBlockIntoFreeList
                0x08004dc8       0x4c bin/heap_4.o
 .text.pvPortMalloc
                0x08004e14       0xac bin/heap_4.o
                0x08004e14                pvPortMalloc
 .text.vPortFree
                0x08004ec0       0x2c bin/heap_4.o
                0x08004ec0                vPortFree
 .text.prvPortStartFirstTask
                0x08004eec       0x14 bin/port.o
 .text.pxPortInitialiseStack
                0x08004f00       0x16 bin/port.o
                0x08004f00                pxPortInitialiseStack
 *fill*         0x08004f16        0x2 00
 .text.SVC_Handler
                0x08004f18       0x20 bin/port.o
                0x08004f18                SVC_Handler
 .text.vPortYieldFromISR
                0x08004f38       0x10 bin/port.o
                0x08004f38                vPortYieldFromISR
 .text.ulPortSetInterruptMask
                0x08004f48       0x10 bin/port.o
                0x08004f48                ulPortSetInterruptMask
 .text.vPortEnterCritical
                0x08004f58       0x14 bin/port.o
                0x08004f58                vPortEnterCritical
 .text.vPortClearInterruptMask
                0x08004f6c        0x6 bin/port.o
                0x08004f6c                vPortClearInterruptMask
 *fill*         0x08004f72        0x2 00
 .text.vPortExitCritical
                0x08004f74       0x14 bin/port.o
                0x08004f74                vPortExitCritical
 .text.PendSV_Handler
                0x08004f88       0x3c bin/port.o
                0x08004f88                PendSV_Handler
 .text.SysTick_Handler
                0x08004fc4       0x20 bin/port.o
                0x08004fc4                SysTick_Handler
 .text.vPortSetupTimerInterrupt
                0x08004fe4       0x18 bin/port.o
                0x08004fe4                vPortSetupTimerInterrupt
 .text.xPortStartScheduler
                0x08004ffc       0x30 bin/port.o
                0x08004ffc                xPortStartScheduler
 .text.NVIC_PriorityGroupConfig
                0x0800502c       0x14 bin/misc.o
                0x0800502c                NVIC_PriorityGroupConfig
 .text.NVIC_Init
                0x08005040       0x68 bin/misc.o
                0x08005040                NVIC_Init
 .text.ADC_DeInit
                0x080050a8       0x5c bin/stm32f10x_adc.o
                0x080050a8                ADC_DeInit
 .text.ADC_Init
                0x08005104       0x48 bin/stm32f10x_adc.o
                0x08005104                ADC_Init
 .text.ADC_Cmd  0x0800514c       0x12 bin/stm32f10x_adc.o
                0x0800514c                ADC_Cmd
 .text.ADC_DMACmd
                0x0800515e       0x12 bin/stm32f10x_adc.o
                0x0800515e                ADC_DMACmd
 .text.ADC_ResetCalibration
                0x08005170        0xa bin/stm32f10x_adc.o
                0x08005170                ADC_ResetCalibration
 .text.ADC_GetResetCalibrationStatus
                0x0800517a        0x8 bin/stm32f10x_adc.o
                0x0800517a                ADC_GetResetCalibrationStatus
 .text.ADC_StartCalibration
                0x08005182        0xa bin/stm32f10x_adc.o
                0x08005182                ADC_StartCalibration
 .text.ADC_GetCalibrationStatus
                0x0800518c        0x8 bin/stm32f10x_adc.o
                0x0800518c                ADC_GetCalibrationStatus
 .text.ADC_RegularChannelConfig
                0x08005194       0x9a bin/stm32f10x_adc.o
                0x08005194                ADC_RegularChannelConfig
 .text.ADC_ExternalTrigConvCmd
                0x0800522e       0x12 bin/stm32f10x_adc.o
                0x0800522e                ADC_ExternalTrigConvCmd
 .text.ADC_TempSensorVrefintCmd
                0x08005240       0x18 bin/stm32f10x_adc.o
                0x08005240                ADC_TempSensorVrefintCmd
 .text.DBGMCU_Config
                0x08005258       0x18 bin/stm32f10x_dbgmcu.o
                0x08005258                DBGMCU_Config
 .text.DMA_DeInit
                0x08005270       0xec bin/stm32f10x_dma.o
                0x08005270                DMA_DeInit
 .text.DMA_Init
                0x0800535c       0x40 bin/stm32f10x_dma.o
                0x0800535c                DMA_Init
 .text.DMA_Cmd  0x0800539c       0x12 bin/stm32f10x_dma.o
                0x0800539c                DMA_Cmd
 .text.DMA_ITConfig
                0x080053ae       0x10 bin/stm32f10x_dma.o
                0x080053ae                DMA_ITConfig
 *fill*         0x080053be        0x2 00
 .text.DMA_ClearFlag
                0x080053c0       0x14 bin/stm32f10x_dma.o
                0x080053c0                DMA_ClearFlag
 .text.DMA_GetITStatus
                0x080053d4       0x1c bin/stm32f10x_dma.o
                0x080053d4                DMA_GetITStatus
 .text.DMA_ClearITPendingBit
                0x080053f0       0x14 bin/stm32f10x_dma.o
                0x080053f0                DMA_ClearITPendingBit
 .text.EXTI_Init
                0x08005404       0x88 bin/stm32f10x_exti.o
                0x08005404                EXTI_Init
 .text.EXTI_GetITStatus
                0x0800548c       0x20 bin/stm32f10x_exti.o
                0x0800548c                EXTI_GetITStatus
 .text.EXTI_ClearITPendingBit
                0x080054ac        0xc bin/stm32f10x_exti.o
                0x080054ac                EXTI_ClearITPendingBit
 .text.FLASH_SetLatency
                0x080054b8       0x14 bin/stm32f10x_flash.o
                0x080054b8                FLASH_SetLatency
 .text.FLASH_PrefetchBufferCmd
                0x080054cc       0x18 bin/stm32f10x_flash.o
                0x080054cc                FLASH_PrefetchBufferCmd
 .text.GPIO_Init
                0x080054e4       0x9a bin/stm32f10x_gpio.o
                0x080054e4                GPIO_Init
 .text.GPIO_ReadInputDataBit
                0x0800557e        0xc bin/stm32f10x_gpio.o
                0x0800557e                GPIO_ReadInputDataBit
 .text.GPIO_SetBits
                0x0800558a        0x4 bin/stm32f10x_gpio.o
                0x0800558a                GPIO_SetBits
 .text.GPIO_ResetBits
                0x0800558e        0x4 bin/stm32f10x_gpio.o
                0x0800558e                GPIO_ResetBits
 *fill*         0x08005592        0x2 00
 .text.GPIO_PinRemapConfig
                0x08005594       0x58 bin/stm32f10x_gpio.o
                0x08005594                GPIO_PinRemapConfig
 .text.GPIO_EXTILineConfig
                0x080055ec       0x34 bin/stm32f10x_gpio.o
                0x080055ec                GPIO_EXTILineConfig
 .text.I2C_DeInit
                0x08005620       0x34 bin/stm32f10x_i2c.o
                0x08005620                I2C_DeInit
 .text.I2C_Init
                0x08005654       0xd4 bin/stm32f10x_i2c.o
                0x08005654                I2C_Init
 .text.I2C_SoftwareResetCmd
                0x08005728       0x18 bin/stm32f10x_i2c.o
                0x08005728                I2C_SoftwareResetCmd
 .text.I2C_ClearFlag
                0x08005740        0x8 bin/stm32f10x_i2c.o
                0x08005740                I2C_ClearFlag
 .text.RCC_DeInit
                0x08005748       0x40 bin/stm32f10x_rcc.o
                0x08005748                RCC_DeInit
 .text.RCC_HSEConfig
                0x08005788       0x34 bin/stm32f10x_rcc.o
                0x08005788                RCC_HSEConfig
 .text.RCC_PLLConfig
                0x080057bc       0x14 bin/stm32f10x_rcc.o
                0x080057bc                RCC_PLLConfig
 .text.RCC_PLLCmd
                0x080057d0        0xc bin/stm32f10x_rcc.o
                0x080057d0                RCC_PLLCmd
 .text.RCC_SYSCLKConfig
                0x080057dc       0x14 bin/stm32f10x_rcc.o
                0x080057dc                RCC_SYSCLKConfig
 .text.RCC_GetSYSCLKSource
                0x080057f0       0x10 bin/stm32f10x_rcc.o
                0x080057f0                RCC_GetSYSCLKSource
 .text.RCC_HCLKConfig
                0x08005800       0x14 bin/stm32f10x_rcc.o
                0x08005800                RCC_HCLKConfig
 .text.RCC_PCLK1Config
                0x08005814       0x14 bin/stm32f10x_rcc.o
                0x08005814                RCC_PCLK1Config
 .text.RCC_PCLK2Config
                0x08005828       0x14 bin/stm32f10x_rcc.o
                0x08005828                RCC_PCLK2Config
 .text.RCC_ADCCLKConfig
                0x0800583c       0x14 bin/stm32f10x_rcc.o
                0x0800583c                RCC_ADCCLKConfig
 .text.RCC_GetClocksFreq
                0x08005850       0x98 bin/stm32f10x_rcc.o
                0x08005850                RCC_GetClocksFreq
 .text.RCC_AHBPeriphClockCmd
                0x080058e8       0x18 bin/stm32f10x_rcc.o
                0x080058e8                RCC_AHBPeriphClockCmd
 .text.RCC_APB2PeriphClockCmd
                0x08005900       0x18 bin/stm32f10x_rcc.o
                0x08005900                RCC_APB2PeriphClockCmd
 .text.RCC_APB1PeriphClockCmd
                0x08005918       0x18 bin/stm32f10x_rcc.o
                0x08005918                RCC_APB1PeriphClockCmd
 .text.RCC_APB2PeriphResetCmd
                0x08005930       0x18 bin/stm32f10x_rcc.o
                0x08005930                RCC_APB2PeriphResetCmd
 .text.RCC_APB1PeriphResetCmd
                0x08005948       0x18 bin/stm32f10x_rcc.o
                0x08005948                RCC_APB1PeriphResetCmd
 .text.RCC_MCOConfig
                0x08005960        0xc bin/stm32f10x_rcc.o
                0x08005960                RCC_MCOConfig
 .text.RCC_GetFlagStatus
                0x0800596c       0x28 bin/stm32f10x_rcc.o
                0x0800596c                RCC_GetFlagStatus
 .text.RCC_WaitForHSEStartUp
                0x08005994       0x2c bin/stm32f10x_rcc.o
                0x08005994                RCC_WaitForHSEStartUp
 .text.SPI_Init
                0x080059c0       0x3e bin/stm32f10x_spi.o
                0x080059c0                SPI_Init
 .text.SPI_Cmd  0x080059fe       0x18 bin/stm32f10x_spi.o
                0x080059fe                SPI_Cmd
 .text.SPI_I2S_SendData
                0x08005a16        0x4 bin/stm32f10x_spi.o
                0x08005a16                SPI_I2S_SendData
 .text.SPI_I2S_ReceiveData
                0x08005a1a        0x6 bin/stm32f10x_spi.o
                0x08005a1a                SPI_I2S_ReceiveData
 .text.SPI_I2S_GetFlagStatus
                0x08005a20        0xc bin/stm32f10x_spi.o
                0x08005a20                SPI_I2S_GetFlagStatus
 .text.TIM_TimeBaseInit
                0x08005a2c       0x3c bin/stm32f10x_tim.o
                0x08005a2c                TIM_TimeBaseInit
 .text.TIM_OC2Init
                0x08005a68       0x88 bin/stm32f10x_tim.o
                0x08005a68                TIM_OC2Init
 .text.TIM_OC3Init
                0x08005af0       0x84 bin/stm32f10x_tim.o
                0x08005af0                TIM_OC3Init
 .text.TIM_OC4Init
                0x08005b74       0x68 bin/stm32f10x_tim.o
                0x08005b74                TIM_OC4Init
 .text.TIM_Cmd  0x08005bdc       0x18 bin/stm32f10x_tim.o
                0x08005bdc                TIM_Cmd
 .text.TIM_CtrlPWMOutputs
                0x08005bf4       0x1c bin/stm32f10x_tim.o
                0x08005bf4                TIM_CtrlPWMOutputs
 .text.TIM_ITConfig
                0x08005c10       0x12 bin/stm32f10x_tim.o
                0x08005c10                TIM_ITConfig
 .text.TIM_OC2PreloadConfig
                0x08005c22       0x14 bin/stm32f10x_tim.o
                0x08005c22                TIM_OC2PreloadConfig
 .text.TIM_OC3PreloadConfig
                0x08005c36       0x10 bin/stm32f10x_tim.o
                0x08005c36                TIM_OC3PreloadConfig
 .text.TIM_OC4PreloadConfig
                0x08005c46       0x14 bin/stm32f10x_tim.o
                0x08005c46                TIM_OC4PreloadConfig
 .text.TIM_SetCompare3
                0x08005c5a        0x4 bin/stm32f10x_tim.o
                0x08005c5a                TIM_SetCompare3
 .text.TIM_SetCompare4
                0x08005c5e        0x6 bin/stm32f10x_tim.o
                0x08005c5e                TIM_SetCompare4
 .text.TIM_ClearITPendingBit
                0x08005c64        0x8 bin/stm32f10x_tim.o
                0x08005c64                TIM_ClearITPendingBit
 .text.USART_ITConfig
                0x08005c6c       0x34 bin/stm32f10x_usart.o
                0x08005c6c                USART_ITConfig
 .text.USART_SendData
                0x08005ca0        0x8 bin/stm32f10x_usart.o
                0x08005ca0                USART_SendData
 .text.USART_ReceiveData
                0x08005ca8        0x8 bin/stm32f10x_usart.o
                0x08005ca8                USART_ReceiveData
 .text.USART_GetITStatus
                0x08005cb0       0x40 bin/stm32f10x_usart.o
                0x08005cb0                USART_GetITStatus
 .text.USART_ClearITPendingBit
                0x08005cf0       0x10 bin/stm32f10x_usart.o
                0x08005cf0                USART_ClearITPendingBit
 .text.startup.main
                0x08005d00       0xb0 bin/main.o
                0x08005d00                main
 .text.ledSet.part.0
                0x08005db0       0x38 bin/led.o
 .text.ledInit  0x08005de8       0x54 bin/led.o
                0x08005de8                ledInit
 .text.ledTest  0x08005e3c        0xc bin/led.o
                0x08005e3c                ledTest
 .text.ledSet   0x08005e48        0xa bin/led.o
                0x08005e48                ledSet
 *fill*         0x08005e52        0x2 00
 .text.uartIsr  0x08005e54       0xc4 bin/uart.o
                0x08005e54                uartIsr
 .text.uartSendData
                0x08005f18       0x24 bin/uart.o
                0x08005f18                uartSendData
 .text.uartPutchar
                0x08005f3c       0x14 bin/uart.o
                0x08005f3c                uartPutchar
 .text.adcInit  0x08005f50      0x1f8 bin/adc.o
                0x08005f50                adcInit
 .text.adcTest  0x08006148        0xc bin/adc.o
                0x08006148                adcTest
 .text.adcConvertToVoltageFloat
                0x08006154       0x34 bin/adc.o
                0x08006154                adcConvertToVoltageFloat
 .text.adcDmaStart
                0x08006188       0x2c bin/adc.o
                0x08006188                adcDmaStart
 .text.adcTask  0x080061b4       0x58 bin/adc.o
                0x080061b4                adcTask
 .text.adcInterruptHandler
                0x0800620c       0x54 bin/adc.o
                0x0800620c                adcInterruptHandler
 .text.spiSendByte
                0x08006260       0x34 bin/nrf24l01.o
 .text.nrfReadReg
                0x08006294       0x40 bin/nrf24l01.o
                0x08006294                nrfReadReg
 .text.nrfWriteReg
                0x080062d4       0x44 bin/nrf24l01.o
                0x080062d4                nrfWriteReg
 .text.nrfWrite1Reg
                0x08006318       0x12 bin/nrf24l01.o
                0x08006318                nrfWrite1Reg
 .text.nrfRead1Reg
                0x0800632a       0x12 bin/nrf24l01.o
                0x0800632a                nrfRead1Reg
 .text.nrfFlushRx
                0x0800633c       0x28 bin/nrf24l01.o
                0x0800633c                nrfFlushRx
 .text.nrfFlushTx
                0x08006364       0x28 bin/nrf24l01.o
                0x08006364                nrfFlushTx
 .text.nrfRxLength
                0x0800638c       0x30 bin/nrf24l01.o
                0x0800638c                nrfRxLength
 .text.nrfWriteAck
                0x080063bc       0x58 bin/nrf24l01.o
                0x080063bc                nrfWriteAck
 .text.nrfReadRX
                0x08006414       0x3c bin/nrf24l01.o
                0x08006414                nrfReadRX
 .text.nrfIsr   0x08006450       0x10 bin/nrf24l01.o
                0x08006450                nrfIsr
 .text.nrfSetInterruptCallback
                0x08006460        0xc bin/nrf24l01.o
                0x08006460                nrfSetInterruptCallback
 .text.nrfSetChannel
                0x0800646c       0x10 bin/nrf24l01.o
                0x0800646c                nrfSetChannel
 .text.nrfSetDatarate
                0x0800647c       0x20 bin/nrf24l01.o
                0x0800647c                nrfSetDatarate
 .text.nrfSetAddress
                0x0800649c       0x3c bin/nrf24l01.o
                0x0800649c                nrfSetAddress
 .text.nrfSetEnable
                0x080064d8       0x1c bin/nrf24l01.o
                0x080064d8                nrfSetEnable
 .text.nrfInit  0x080064f4      0x144 bin/nrf24l01.o
                0x080064f4                nrfInit
 .text.nrfTest  0x08006638       0x14 bin/nrf24l01.o
                0x08006638                nrfTest
 .text.extiInit
                0x0800664c       0x2c bin/exti.o
                0x0800664c                extiInit
 .text.extiTest
                0x08006678        0xc bin/exti.o
                0x08006678                extiTest
 .text.extiInterruptHandler
                0x08006684       0x20 bin/exti.o
                0x08006684                extiInterruptHandler
 .text.nvicInit
                0x080066a4        0x8 bin/nvic.o
                0x080066a4                nvicInit
 .text.NMI_Handler
                0x080066ac        0x2 bin/nvic.o
                0x080066ac                NMI_Handler
 .text.HardFault_Handler
                0x080066ae       0x14 bin/nvic.o
                0x080066ae                HardFault_Handler
 *fill*         0x080066c2        0x2 00
 .text.printHardFault
                0x080066c4      0x104 bin/nvic.o
                0x080066c4                printHardFault
 .text.MemManage_Handler
                0x080067c8        0x2 bin/nvic.o
                0x080067c8                MemManage_Handler
 .text.BusFault_Handler
                0x080067ca        0x2 bin/nvic.o
                0x080067ca                BusFault_Handler
 .text.UsageFault_Handler
                0x080067cc        0x2 bin/nvic.o
                0x080067cc                UsageFault_Handler
 .text.DebugMon_Handler
                0x080067ce        0x2 bin/nvic.o
                0x080067ce                DebugMon_Handler
 .text.DMA1_Channel1_IRQHandler
                0x080067d0        0x4 bin/nvic.o
                0x080067d0                DMA1_Channel1_IRQHandler
 .text.DMA1_Channel2_IRQHandler
                0x080067d4        0x2 bin/nvic.o
                0x080067d4                DMA1_Channel2_IRQHandler
 .text.DMA1_Channel4_IRQHandler
                0x080067d6        0x4 bin/nvic.o
                0x080067d6                DMA1_Channel4_IRQHandler
 .text.DMA1_Channel5_IRQHandler
                0x080067da        0x4 bin/nvic.o
                0x080067da                DMA1_Channel5_IRQHandler
 .text.DMA1_Channel6_IRQHandler
                0x080067de        0x4 bin/nvic.o
                0x080067de                DMA1_Channel6_IRQHandler
 .text.DMA1_Channel7_IRQHandler
                0x080067e2        0x4 bin/nvic.o
                0x080067e2                DMA1_Channel7_IRQHandler
 .text.EXTI9_5_IRQHandler
                0x080067e6        0x4 bin/nvic.o
                0x080067e6                EXTI9_5_IRQHandler
 .text.USART3_IRQHandler
                0x080067ea        0x4 bin/nvic.o
                0x080067ea                USART3_IRQHandler
 *fill*         0x080067ee        0x2 00
 .text.TIM1_UP_IRQHandler
                0x080067f0       0x2c bin/nvic.o
                0x080067f0                TIM1_UP_IRQHandler
 .text.I2C1_EV_IRQHandler
                0x0800681c        0x4 bin/nvic.o
                0x0800681c                I2C1_EV_IRQHandler
 .text.I2C1_ER_IRQHandler
                0x08006820        0x4 bin/nvic.o
                0x08006820                I2C1_ER_IRQHandler
 .text.I2C2_EV_IRQHandler
                0x08006824        0x2 bin/nvic.o
                0x08006824                I2C2_EV_IRQHandler
 *fill*         0x08006826        0x2 00
 .text.I2C2_ER_IRQHandler
                0x08006828       0x10 bin/nvic.o
                0x08006828                I2C2_ER_IRQHandler
 .text.motorsInit
                0x08006838      0x118 bin/motors.o
                0x08006838                motorsInit
 .text.motorsSetRatio
                0x08006950       0x30 bin/motors.o
                0x08006950                motorsSetRatio
 .text.motorsTest
                0x08006980       0x3c bin/motors.o
                0x08006980                motorsTest
 .text.mpu6050Init
                0x080069bc       0x24 bin/mpu6050.o
                0x080069bc                mpu6050Init
 .text.mpu6050EvaluateSelfTest
                0x080069e0       0x5c bin/mpu6050.o
                0x080069e0                mpu6050EvaluateSelfTest
 .text.mpu6050SetRate
                0x08006a3c       0x18 bin/mpu6050.o
                0x08006a3c                mpu6050SetRate
 .text.mpu6050SetDLPFMode
                0x08006a54       0x24 bin/mpu6050.o
                0x08006a54                mpu6050SetDLPFMode
 .text.mpu6050GetFullScaleGyroRangeId
                0x08006a78       0x2c bin/mpu6050.o
                0x08006a78                mpu6050GetFullScaleGyroRangeId
 .text.mpu6050GetFullScaleGyroDPL
                0x08006aa4       0x20 bin/mpu6050.o
                0x08006aa4                mpu6050GetFullScaleGyroDPL
 .text.mpu6050SetFullScaleGyroRange
                0x08006ac4       0x24 bin/mpu6050.o
                0x08006ac4                mpu6050SetFullScaleGyroRange
 .text.mpu6050SetGyroXSelfTest
                0x08006ae8       0x20 bin/mpu6050.o
                0x08006ae8                mpu6050SetGyroXSelfTest
 .text.mpu6050SetGyroYSelfTest
                0x08006b08       0x20 bin/mpu6050.o
                0x08006b08                mpu6050SetGyroYSelfTest
 .text.mpu6050SetGyroZSelfTest
                0x08006b28       0x20 bin/mpu6050.o
                0x08006b28                mpu6050SetGyroZSelfTest
 .text.mpu6050SetAccelXSelfTest
                0x08006b48       0x20 bin/mpu6050.o
                0x08006b48                mpu6050SetAccelXSelfTest
 .text.mpu6050SetAccelYSelfTest
                0x08006b68       0x20 bin/mpu6050.o
                0x08006b68                mpu6050SetAccelYSelfTest
 .text.mpu6050SetAccelZSelfTest
                0x08006b88       0x20 bin/mpu6050.o
                0x08006b88                mpu6050SetAccelZSelfTest
 .text.mpu6050GetFullScaleAccelRangeId
                0x08006ba8       0x2c bin/mpu6050.o
                0x08006ba8                mpu6050GetFullScaleAccelRangeId
 .text.mpu6050GetFullScaleAccelGPL
                0x08006bd4       0x20 bin/mpu6050.o
                0x08006bd4                mpu6050GetFullScaleAccelGPL
 .text.mpu6050SetFullScaleAccelRange
                0x08006bf4       0x24 bin/mpu6050.o
                0x08006bf4                mpu6050SetFullScaleAccelRange
 .text.mpu6050SetI2CBypassEnabled
                0x08006c18       0x20 bin/mpu6050.o
                0x08006c18                mpu6050SetI2CBypassEnabled
 .text.mpu6050SetIntEnabled
                0x08006c38       0x18 bin/mpu6050.o
                0x08006c38                mpu6050SetIntEnabled
 .text.mpu6050GetMotion6
                0x08006c50       0x74 bin/mpu6050.o
                0x08006c50                mpu6050GetMotion6
 .text.mpu6050SelfTest
                0x08006cc4      0x264 bin/mpu6050.o
                0x08006cc4                mpu6050SelfTest
 .text.mpu6050Reset
                0x08006f28       0x20 bin/mpu6050.o
                0x08006f28                mpu6050Reset
 .text.mpu6050SetSleepEnabled
                0x08006f48       0x20 bin/mpu6050.o
                0x08006f48                mpu6050SetSleepEnabled
 .text.mpu6050SetTempSensorEnabled
                0x08006f68       0x24 bin/mpu6050.o
                0x08006f68                mpu6050SetTempSensorEnabled
 .text.mpu6050SetClockSource
                0x08006f8c       0x24 bin/mpu6050.o
                0x08006f8c                mpu6050SetClockSource
 .text.mpu6050GetDeviceID
                0x08006fb0       0x28 bin/mpu6050.o
                0x08006fb0                mpu6050GetDeviceID
 .text.mpu6050TestConnection
                0x08006fd8       0x10 bin/mpu6050.o
                0x08006fd8                mpu6050TestConnection
 .text.i2cdevRuffLoopDelay.constprop.1
                0x08006fe8       0x14 bin/i2cdev.o
 .text.i2cdevInit
                0x08006ffc      0x230 bin/i2cdev.o
                0x08006ffc                i2cdevInit
 .text.i2cdevRead
                0x0800722c       0x4c bin/i2cdev.o
                0x0800722c                i2cdevRead
 .text.i2cdevReadByte
                0x08007278        0xc bin/i2cdev.o
                0x08007278                i2cdevReadByte
 .text.i2cdevReadBits
                0x08007284       0x32 bin/i2cdev.o
                0x08007284                i2cdevReadBits
 *fill*         0x080072b6        0x2 00
 .text.i2cdevWrite
                0x080072b8       0x64 bin/i2cdev.o
                0x080072b8                i2cdevWrite
 .text.i2cdevWriteByte
                0x0800731c       0x14 bin/i2cdev.o
                0x0800731c                i2cdevWriteByte
 .text.i2cdevWriteBits
                0x08007330       0x52 bin/i2cdev.o
                0x08007330                i2cdevWriteBits
 .text.i2cdevWriteBit
                0x08007382       0x40 bin/i2cdev.o
                0x08007382                i2cdevWriteBit
 *fill*         0x080073c2        0x2 00
 .text.i2cDmaInterruptHandlerI2c1
                0x080073c4       0x4c bin/i2cdev.o
                0x080073c4                i2cDmaInterruptHandlerI2c1
 .text.i2cDmaInterruptHandlerI2c2
                0x08007410       0x4c bin/i2cdev.o
                0x08007410                i2cDmaInterruptHandlerI2c2
 .text.I2C_DMAConfig.part.0
                0x0800745c       0x68 bin/i2croutines.o
 .text.I2C_Master_BufferWrite
                0x080074c4      0x194 bin/i2croutines.o
                0x080074c4                I2C_Master_BufferWrite
 .text.I2C_LowLevel_Init
                0x08007658      0x1d4 bin/i2croutines.o
                0x08007658                I2C_LowLevel_Init
 .text.I2C_DMAConfig
                0x0800782c       0x6c bin/i2croutines.o
                0x0800782c                I2C_DMAConfig
 .text.I2C_Master_BufferRead
                0x08007898      0x1b4 bin/i2croutines.o
                0x08007898                I2C_Master_BufferRead
 .text.i2cInterruptHandlerI2c1
                0x08007a4c      0x164 bin/i2croutines.o
                0x08007a4c                i2cInterruptHandlerI2c1
 .text.i2cErrorInterruptHandlerI2c1
                0x08007bb0       0x74 bin/i2croutines.o
                0x08007bb0                i2cErrorInterruptHandlerI2c1
 .text.hmc5883lTestConnection
                0x08007c24       0x40 bin/hmc5883l.o
                0x08007c24                hmc5883lTestConnection
 .text.hmc5883lEvaluateSelfTest
                0x08007c64       0x2c bin/hmc5883l.o
                0x08007c64                hmc5883lEvaluateSelfTest
 .text.hmc5883lSetGain
                0x08007c90       0x1c bin/hmc5883l.o
                0x08007c90                hmc5883lSetGain
 .text.hmc5883lInit
                0x08007cac       0x30 bin/hmc5883l.o
                0x08007cac                hmc5883lInit
 .text.hmc5883lSetMode
                0x08007cdc       0x28 bin/hmc5883l.o
                0x08007cdc                hmc5883lSetMode
 .text.hmc5883lGetHeading
                0x08007d04       0x68 bin/hmc5883l.o
                0x08007d04                hmc5883lGetHeading
 .text.hmc5883lSelfTest
                0x08007d6c      0x148 bin/hmc5883l.o
                0x08007d6c                hmc5883lSelfTest
 .text.ms5611EvaluateSelfTest
                0x08007eb4       0x5c bin/ms5611.o
                0x08007eb4                ms5611EvaluateSelfTest
 .text.ms5611CalcPressure
                0x08007f10       0x9c bin/ms5611.o
                0x08007f10                ms5611CalcPressure
 .text.ms5611CalcTemp
                0x08007fac       0x38 bin/ms5611.o
                0x08007fac                ms5611CalcTemp
 .text.ms5611CalcDeltaTemp
                0x08007fe4       0x10 bin/ms5611.o
                0x08007fe4                ms5611CalcDeltaTemp
 .text.ms5611StartConversion
                0x08007ff4       0x18 bin/ms5611.o
                0x08007ff4                ms5611StartConversion
 .text.ms5611GetConversion
                0x0800800c       0x44 bin/ms5611.o
                0x0800800c                ms5611GetConversion
 .text.ms5611SelfTest
                0x08008050       0x98 bin/ms5611.o
                0x08008050                ms5611SelfTest
 .text.ms5611ReadPROM
                0x080080e8       0x50 bin/ms5611.o
                0x080080e8                ms5611ReadPROM
 .text.ms5611Reset
                0x08008138       0x18 bin/ms5611.o
                0x08008138                ms5611Reset
 .text.ms5611Init
                0x08008150       0x38 bin/ms5611.o
                0x08008150                ms5611Init
 .text.ms5611PressureToAltitude
                0x08008188       0x80 bin/ms5611.o
                0x08008188                ms5611PressureToAltitude
 .text.ms5611GetData
                0x08008208       0x84 bin/ms5611.o
                0x08008208                ms5611GetData
 .text.nopFunc  0x0800828c        0x4 bin/crtp.o
 .text.crtpRxTask
                0x08008290       0x60 bin/crtp.o
 .text.crtpTxTask
                0x080082f0       0x2c bin/crtp.o
 .text.crtpInit
                0x0800831c       0x70 bin/crtp.o
                0x0800831c                crtpInit
 .text.crtpTest
                0x0800838c        0xc bin/crtp.o
                0x0800838c                crtpTest
 .text.crtpInitTaskQueue
                0x08008398       0x34 bin/crtp.o
                0x08008398                crtpInitTaskQueue
 .text.crtpReceivePacketBlock
                0x080083cc       0x4c bin/crtp.o
                0x080083cc                crtpReceivePacketBlock
 .text.crtpRegisterPortCB
                0x08008418       0x10 bin/crtp.o
                0x08008418                crtpRegisterPortCB
 .text.crtpSendPacket
                0x08008428       0x30 bin/crtp.o
                0x08008428                crtpSendPacket
 .text.crtpSendPacketBlock
                0x08008458       0x30 bin/crtp.o
                0x08008458                crtpSendPacketBlock
 .text.crtpReset
                0x08008488       0x24 bin/crtp.o
                0x08008488                crtpReset
 .text.crtpIsConnected
                0x080084ac       0x18 bin/crtp.o
                0x080084ac                crtpIsConnected
 .text.crtpSetLink
                0x080084c4       0x2c bin/crtp.o
                0x080084c4                crtpSetLink
 .text.updateActive
                0x080084f0       0x3c bin/ledseq.o
 .text.runLedseq
                0x0800852c       0xd0 bin/ledseq.o
 .text.ledseqInit
                0x080085fc       0x9c bin/ledseq.o
                0x080085fc                ledseqInit
 .text.ledseqTest
                0x08008698       0x14 bin/ledseq.o
                0x08008698                ledseqTest
 .text.ledseqRun
                0x080086ac       0x78 bin/ledseq.o
                0x080086ac                ledseqRun
 .text.ledseqSetTimes
                0x08008724        0x6 bin/ledseq.o
                0x08008724                ledseqSetTimes
 *fill*         0x0800872a        0x2 00
 .text.ledseqStop
                0x0800872c       0x68 bin/ledseq.o
                0x0800872c                ledseqStop
 .text.vApplicationStackOverflowHook
                0x08008794       0x14 bin/freeRTOSdebug.o
                0x08008794                vApplicationStackOverflowHook
 .text.debugSendTraceInfo
                0x080087a8        0x2 bin/freeRTOSdebug.o
                0x080087a8                debugSendTraceInfo
 *fill*         0x080087aa        0x6 00
 .text.imu6Init
                0x080087b0      0x1e0 bin/imu.o
                0x080087b0                imu6Init
 .text.imu6Test
                0x08008990       0x84 bin/imu.o
                0x08008990                imu6Test
 .text.imu6Read
                0x08008a14      0x3a0 bin/imu.o
                0x08008a14                imu6Read
 .text.imu9Read
                0x08008db4       0x64 bin/imu.o
                0x08008db4                imu9Read
 .text.imu6IsCalibrated
                0x08008e18        0xc bin/imu.o
                0x08008e18                imu6IsCalibrated
 .text.imuHasBarometer
                0x08008e24        0xc bin/imu.o
                0x08008e24                imuHasBarometer
 .text.pmInit   0x08008e30       0xe4 bin/pm.o
                0x08008e30                pmInit
 .text.pmTest   0x08008f14        0xc bin/pm.o
                0x08008f14                pmTest
 .text.pmBatteryUpdate
                0x08008f20       0x80 bin/pm.o
                0x08008f20                pmBatteryUpdate
 .text.pmSetChargeState
                0x08008fa0       0x50 bin/pm.o
                0x08008fa0                pmSetChargeState
 .text.pmUpdateState
                0x08008ff0       0x54 bin/pm.o
                0x08008ff0                pmUpdateState
 *fill*         0x08009044        0x4 00
 .text.pmTask   0x08009048      0x180 bin/pm.o
                0x08009048                pmTask
 .text.pmIsDischarging
                0x080091c8       0x18 bin/pm.o
                0x080091c8                pmIsDischarging
 .text.radiolinkInitNRF24L01P
                0x080091e0       0x64 bin/radiolink.o
 .text.reset    0x08009244       0x18 bin/radiolink.o
 .text.isConnected
                0x0800925c       0x1c bin/radiolink.o
 .text.setEnable
                0x08009278       0x14 bin/radiolink.o
 .text.radiolinkTask
                0x0800928c       0xd0 bin/radiolink.o
 .text.interruptCallback
                0x0800935c       0x24 bin/radiolink.o
 .text.receivePacket
                0x08009380       0x28 bin/radiolink.o
 .text.sendPacket
                0x080093a8       0x28 bin/radiolink.o
 .text.radiolinkInit
                0x080093d0       0x90 bin/radiolink.o
                0x080093d0                radiolinkInit
 .text.radiolinkTest
                0x08009460        0x4 bin/radiolink.o
                0x08009460                radiolinkTest
 .text.radiolinkGetLink
                0x08009464        0x8 bin/radiolink.o
                0x08009464                radiolinkGetLink
 .text.radiolinkReInit
                0x0800946c       0x10 bin/radiolink.o
                0x0800946c                radiolinkReInit
 .text.initUsecTimer
                0x0800947c       0x7c bin/usec_time.o
                0x0800947c                initUsecTimer
 .text.systemLaunch
                0x080094f8       0x24 bin/system.o
                0x080094f8                systemLaunch
 .text.systemInit
                0x0800951c       0x40 bin/system.o
                0x0800951c                systemInit
 .text.systemTest
                0x0800955c       0x28 bin/system.o
                0x0800955c                systemTest
 .text.systemStart
                0x08009584       0x14 bin/system.o
                0x08009584                systemStart
 .text.systemTask
                0x08009598      0x100 bin/system.o
 .text.systemWaitStart
                0x08009698       0x38 bin/system.o
                0x08009698                systemWaitStart
 .text.systemSetCanFly
                0x080096d0        0xc bin/system.o
                0x080096d0                systemSetCanFly
 .text.commInit
                0x080096dc       0x34 bin/comm.o
                0x080096dc                commInit
 .text.commTest
                0x08009710       0x30 bin/comm.o
                0x08009710                commTest
 .text.consoleInit
                0x08009740       0x3c bin/console.o
                0x08009740                consoleInit
 .text.consoleTest
                0x0800977c        0xc bin/console.o
                0x0800977c                consoleTest
 .text.consolePutchar
                0x08009788       0x54 bin/console.o
                0x08009788                consolePutchar
 .text.pidInit  0x080097dc       0x2c bin/pid.o
                0x080097dc                pidInit
 .text.pidUpdate
                0x08009808       0x88 bin/pid.o
                0x08009808                pidUpdate
 .text.pidSetIntegralLimit
                0x08009890        0x4 bin/pid.o
                0x08009890                pidSetIntegralLimit
 .text.pidReset
                0x08009894        0xc bin/pid.o
                0x08009894                pidReset
 .text.pidSetError
                0x080098a0        0x4 bin/pid.o
                0x080098a0                pidSetError
 .text.pidSetDesired
                0x080098a4        0x4 bin/pid.o
                0x080098a4                pidSetDesired
 .text.crtpserviceHandler
                0x080098a8       0x16 bin/crtpservice.o
                0x080098a8                crtpserviceHandler
 *fill*         0x080098be        0x2 00
 .text.crtpserviceInit
                0x080098c0       0x20 bin/crtpservice.o
                0x080098c0                crtpserviceInit
 .text.crtpserviceTest
                0x080098e0        0xc bin/crtpservice.o
                0x080098e0                crtpserviceTest
 .text.variableGetIndex
                0x080098ec       0x38 bin/param.o
 .text.paramInit
                0x08009924       0x8c bin/param.o
                0x08009924                paramInit
 .text.paramTest
                0x080099b0        0xc bin/param.o
                0x080099b0                paramTest
 .text.paramTOCProcess
                0x080099bc       0xe4 bin/param.o
                0x080099bc                paramTOCProcess
 .text.paramTask
                0x08009aa0      0x100 bin/param.o
 .text.commanderCrtpCB
                0x08009ba0       0x48 bin/commander.o
 .text.commanderInit
                0x08009be8       0x38 bin/commander.o
                0x08009be8                commanderInit
 .text.commanderTest
                0x08009c20       0x10 bin/commander.o
                0x08009c20                commanderTest
 .text.commanderWatchdog
                0x08009c30       0x54 bin/commander.o
                0x08009c30                commanderWatchdog
 .text.commanderGetInactivityTime
                0x08009c84       0x14 bin/commander.o
                0x08009c84                commanderGetInactivityTime
 .text.commanderGetRPY
                0x08009c98       0x24 bin/commander.o
                0x08009c98                commanderGetRPY
 *fill*         0x08009cbc        0x4 00
 .text.commanderGetAltHold
                0x08009cc0       0x78 bin/commander.o
                0x08009cc0                commanderGetAltHold
 .text.commanderGetRPYType
                0x08009d38        0xc bin/commander.o
                0x08009d38                commanderGetRPYType
 .text.commanderGetThrust
                0x08009d44       0x34 bin/commander.o
                0x08009d44                commanderGetThrust
 .text.controllerInit
                0x08009d78       0xe8 bin/controller.o
                0x08009d78                controllerInit
 .text.controllerTest
                0x08009e60        0xc bin/controller.o
                0x08009e60                controllerTest
 .text.controllerCorrectRatePID
                0x08009e6c      0x110 bin/controller.o
                0x08009e6c                controllerCorrectRatePID
 .text.controllerCorrectAttitudePID
                0x08009f7c       0x94 bin/controller.o
                0x08009f7c                controllerCorrectAttitudePID
 .text.controllerResetAllPID
                0x0800a010       0x44 bin/controller.o
                0x0800a010                controllerResetAllPID
 .text.controllerGetActuatorOutput
                0x0800a054       0x20 bin/controller.o
                0x0800a054                controllerGetActuatorOutput
 .text.sensfusion6Init
                0x0800a074       0x10 bin/sensfusion6.o
                0x0800a074                sensfusion6Init
 .text.sensfusion6Test
                0x0800a084        0xc bin/sensfusion6.o
                0x0800a084                sensfusion6Test
 .text.sensfusion6UpdateQ
                0x0800a090      0x4d8 bin/sensfusion6.o
                0x0800a090                sensfusion6UpdateQ
 .text.sensfusion6GetEulerRPY
                0x0800a568      0x1e8 bin/sensfusion6.o
                0x0800a568                sensfusion6GetEulerRPY
 .text.sensfusion6GetAccZWithoutGravity
                0x0800a750       0xe0 bin/sensfusion6.o
                0x0800a750                sensfusion6GetAccZWithoutGravity
 .text.distributePower
                0x0800a830       0x8c bin/stabilizer.o
 .text.stabilizerTask
                0x0800a8bc      0x600 bin/stabilizer.o
 .text.stabilizerInit
                0x0800aebc       0x60 bin/stabilizer.o
                0x0800aebc                stabilizerInit
 .text.stabilizerTest
                0x0800af1c       0x1e bin/stabilizer.o
                0x0800af1c                stabilizerTest
 *fill*         0x0800af3a        0x2 00
 .text.logStopBlock
                0x0800af3c       0x38 bin/log.o
 .text.logDeleteBlock
                0x0800af74       0x68 bin/log.o
 .text.logReset
                0x0800afdc       0x5c bin/log.o
 .text.logRunBlock
                0x0800b038      0x138 bin/log.o
                0x0800b038                logRunBlock
 .text.logBlockTimed
                0x0800b170       0x18 bin/log.o
                0x0800b170                logBlockTimed
 .text.logAppendBlock.constprop.1
                0x0800b188      0x110 bin/log.o
 .text.logTask  0x0800b298      0x234 bin/log.o
 .text.logInit  0x0800b4cc       0xb8 bin/log.o
                0x0800b4cc                logInit
 .text.workerInit
                0x0800b584       0x18 bin/worker.o
                0x0800b584                workerInit
 .text.workerTest
                0x0800b59c       0x10 bin/worker.o
                0x0800b59c                workerTest
 .text.workerLoop
                0x0800b5ac       0x2c bin/worker.o
                0x0800b5ac                workerLoop
 .text.workerSchedule
                0x0800b5d8       0x28 bin/worker.o
                0x0800b5d8                workerSchedule
 .text.iirLPFilterSingle
                0x0800b600       0x2c bin/filter.o
                0x0800b600                iirLPFilterSingle
 .text.assertFail
                0x0800b62c       0x30 bin/cfassert.o
                0x0800b62c                assertFail
 .text.configblockInit
                0x0800b65c       0x44 bin/configblock.o
                0x0800b65c                configblockInit
 .text.configblockGetRadioChannel
                0x0800b6a0       0x1c bin/configblock.o
                0x0800b6a0                configblockGetRadioChannel
 .text.configblockGetRadioSpeed
                0x0800b6bc       0x18 bin/configblock.o
                0x0800b6bc                configblockGetRadioSpeed
 .text.configblockGetCalibPitch
                0x0800b6d4       0x1c bin/configblock.o
                0x0800b6d4                configblockGetCalibPitch
 .text.configblockGetCalibRoll
                0x0800b6f0       0x1c bin/configblock.o
                0x0800b6f0                configblockGetCalibRoll
 .text.get_int_len
                0x0800b70c       0x14 bin/eprintf.o
                0x0800b70c                get_int_len
 .text.itoa     0x0800b720       0xa8 bin/eprintf.o
 .text.evprintf
                0x0800b7c8      0x144 bin/eprintf.o
                0x0800b7c8                evprintf
 .text.eprintf  0x0800b90c       0x18 bin/eprintf.o
                0x0800b90c                eprintf
 .text.reflect  0x0800b924       0x1e bin/crc.o
 *fill*         0x0800b942        0x2 00
 .text.crcSlow  0x0800b944       0x48 bin/crc.o
                0x0800b944                crcSlow
 .text.single2half
                0x0800b98c       0x4c bin/fp16.o
                0x0800b98c                single2half
 .text.atan     0x0800b9d8      0x368 /usr0/home/merazo/bin/gcc-arm-none-eabi/bin/../lib/gcc/arm-none-eabi/4.7.3/../../../../arm-none-eabi/lib/armv7-m/libm.a(lib_a-s_atan.o)
                0x0800b9d8                atan
 .text.cos      0x0800bd40       0x90 /usr0/home/merazo/bin/gcc-arm-none-eabi/bin/../lib/gcc/arm-none-eabi/4.7.3/../../../../arm-none-eabi/lib/armv7-m/libm.a(lib_a-s_cos.o)
                0x0800bd40                cos
 .text.fabs     0x0800bdd0        0x8 /usr0/home/merazo/bin/gcc-arm-none-eabi/bin/../lib/gcc/arm-none-eabi/4.7.3/../../../../arm-none-eabi/lib/armv7-m/libm.a(lib_a-s_fabs.o)
                0x0800bdd0                fabs
 .text.sin      0x0800bdd8       0x98 /usr0/home/merazo/bin/gcc-arm-none-eabi/bin/../lib/gcc/arm-none-eabi/4.7.3/../../../../arm-none-eabi/lib/armv7-m/libm.a(lib_a-s_sin.o)
                0x0800bdd8                sin
 .text.atan2    0x0800be70        0x4 /usr0/home/merazo/bin/gcc-arm-none-eabi/bin/../lib/gcc/arm-none-eabi/4.7.3/../../../../arm-none-eabi/lib/armv7-m/libm.a(lib_a-w_atan2.o)
                0x0800be70                atan2
 .text.pow      0x0800be74      0x310 /usr0/home/merazo/bin/gcc-arm-none-eabi/bin/../lib/gcc/arm-none-eabi/4.7.3/../../../../arm-none-eabi/lib/armv7-m/libm.a(lib_a-w_pow.o)
                0x0800be74                pow
 .text.sqrt     0x0800c184       0xa8 /usr0/home/merazo/bin/gcc-arm-none-eabi/bin/../lib/gcc/arm-none-eabi/4.7.3/../../../../arm-none-eabi/lib/armv7-m/libm.a(lib_a-w_sqrt.o)
                0x0800c184                sqrt
 *fill*         0x0800c22c        0x4 00
 .text.__ieee754_atan2
                0x0800c230      0x218 /usr0/home/merazo/bin/gcc-arm-none-eabi/bin/../lib/gcc/arm-none-eabi/4.7.3/../../../../arm-none-eabi/lib/armv7-m/libm.a(lib_a-e_atan2.o)
                0x0800c230                __ieee754_atan2
 .text.__ieee754_pow
                0x0800c448      0xb00 /usr0/home/merazo/bin/gcc-arm-none-eabi/bin/../lib/gcc/arm-none-eabi/4.7.3/../../../../arm-none-eabi/lib/armv7-m/libm.a(lib_a-e_pow.o)
                0x0800c448                __ieee754_pow
 .text.__ieee754_rem_pio2
                0x0800cf48      0x468 /usr0/home/merazo/bin/gcc-arm-none-eabi/bin/../lib/gcc/arm-none-eabi/4.7.3/../../../../arm-none-eabi/lib/armv7-m/libm.a(lib_a-e_rem_pio2.o)
                0x0800cf48                __ieee754_rem_pio2
 .text.__ieee754_sqrt
                0x0800d3b0      0x208 /usr0/home/merazo/bin/gcc-arm-none-eabi/bin/../lib/gcc/arm-none-eabi/4.7.3/../../../../arm-none-eabi/lib/armv7-m/libm.a(lib_a-e_sqrt.o)
                0x0800d3b0                __ieee754_sqrt
 .text.__kernel_cos
                0x0800d5b8      0x258 /usr0/home/merazo/bin/gcc-arm-none-eabi/bin/../lib/gcc/arm-none-eabi/4.7.3/../../../../arm-none-eabi/lib/armv7-m/libm.a(lib_a-k_cos.o)
                0x0800d5b8                __kernel_cos
 .text.__kernel_rem_pio2
                0x0800d810      0xdfc /usr0/home/merazo/bin/gcc-arm-none-eabi/bin/../lib/gcc/arm-none-eabi/4.7.3/../../../../arm-none-eabi/lib/armv7-m/libm.a(lib_a-k_rem_pio2.o)
                0x0800d810                __kernel_rem_pio2
 *fill*         0x0800e60c        0x4 00
 .text.__kernel_sin
                0x0800e610      0x170 /usr0/home/merazo/bin/gcc-arm-none-eabi/bin/../lib/gcc/arm-none-eabi/4.7.3/../../../../arm-none-eabi/lib/armv7-m/libm.a(lib_a-k_sin.o)
                0x0800e610                __kernel_sin
 .text.finite   0x0800e780        0xc /usr0/home/merazo/bin/gcc-arm-none-eabi/bin/../lib/gcc/arm-none-eabi/4.7.3/../../../../arm-none-eabi/lib/armv7-m/libm.a(lib_a-s_finite.o)
                0x0800e780                finite
 *fill*         0x0800e78c        0x4 00
 .text.floor    0x0800e790      0x110 /usr0/home/merazo/bin/gcc-arm-none-eabi/bin/../lib/gcc/arm-none-eabi/4.7.3/../../../../arm-none-eabi/lib/armv7-m/libm.a(lib_a-s_floor.o)
                0x0800e790                floor
 .text.__fpclassifyd
                0x0800e8a0       0x68 /usr0/home/merazo/bin/gcc-arm-none-eabi/bin/../lib/gcc/arm-none-eabi/4.7.3/../../../../arm-none-eabi/lib/armv7-m/libm.a(lib_a-s_fpclassify.o)
                0x0800e8a0                __fpclassifyd
 .text.matherr  0x0800e908        0x4 /usr0/home/merazo/bin/gcc-arm-none-eabi/bin/../lib/gcc/arm-none-eabi/4.7.3/../../../../arm-none-eabi/lib/armv7-m/libm.a(lib_a-s_matherr.o)
                0x0800e908                matherr
 .text.nan      0x0800e90c        0xc /usr0/home/merazo/bin/gcc-arm-none-eabi/bin/../lib/gcc/arm-none-eabi/4.7.3/../../../../arm-none-eabi/lib/armv7-m/libm.a(lib_a-s_nan.o)
                0x0800e90c                nan
 .text.rint     0x0800e918      0x128 /usr0/home/merazo/bin/gcc-arm-none-eabi/bin/../lib/gcc/arm-none-eabi/4.7.3/../../../../arm-none-eabi/lib/armv7-m/libm.a(lib_a-s_rint.o)
                0x0800e918                rint
 .text.scalbn   0x0800ea40      0x108 /usr0/home/merazo/bin/gcc-arm-none-eabi/bin/../lib/gcc/arm-none-eabi/4.7.3/../../../../arm-none-eabi/lib/armv7-m/libm.a(lib_a-s_scalbn.o)
                0x0800ea40                scalbn
 .text.copysign
                0x0800eb48       0x18 /usr0/home/merazo/bin/gcc-arm-none-eabi/bin/../lib/gcc/arm-none-eabi/4.7.3/../../../../arm-none-eabi/lib/armv7-m/libm.a(lib_a-s_copysign.o)
                0x0800eb48                copysign
 .text.memcpy   0x0800eb60      0x15c /usr0/home/merazo/bin/gcc-arm-none-eabi/bin/../lib/gcc/arm-none-eabi/4.7.3/../../../../arm-none-eabi/lib/armv7-m/libc.a(lib_a-memcpy.o)
                0x0800eb60                memcpy
 .text.memset   0x0800ecbc      0x12c /usr0/home/merazo/bin/gcc-arm-none-eabi/bin/../lib/gcc/arm-none-eabi/4.7.3/../../../../arm-none-eabi/lib/armv7-m/libc.a(lib_a-memset.o)
                0x0800ecbc                memset
 .text.strlen   0x0800ede8       0x60 /usr0/home/merazo/bin/gcc-arm-none-eabi/bin/../lib/gcc/arm-none-eabi/4.7.3/../../../../arm-none-eabi/lib/armv7-m/libc.a(lib_a-strlen.o)
                0x0800ede8                strlen
 .text.strncpy  0x0800ee48      0x10c /usr0/home/merazo/bin/gcc-arm-none-eabi/bin/../lib/gcc/arm-none-eabi/4.7.3/../../../../arm-none-eabi/lib/armv7-m/libc.a(lib_a-strncpy.o)
                0x0800ee48                strncpy
 *fill*         0x0800ef54        0x4 00
 .text.strncpy.stub
                0x0800ef58        0x8 linker stubs
 *(.rodata)
 .rodata        0x0800ef60        0x5 bin/radiolink.o
 *(.rodata*)
 .rodata.str1.1
                0x0800ef65        0x5 bin/tasks.o
 .rodata.str1.1
                0x0800ef6a        0x8 bin/timers.o
 *fill*         0x0800ef72        0x2 00
 .rodata.led_polarity
                0x0800ef74        0x8 bin/led.o
 .rodata.led_pin
                0x0800ef7c        0x8 bin/led.o
 .rodata.led_port
                0x0800ef84        0x8 bin/led.o
 .rodata.str1.1
                0x0800ef8c        0x4 bin/adc.o
 .rodata.str1.1
                0x0800ef90       0x1e bin/nrf24l01.o
 .rodata.str1.1
                0x0800efae       0x97 bin/nvic.o
 *fill*         0x0800f045        0x3 00
 .rodata.MOTORS
                0x0800f048       0x10 bin/motors.o
                0x0800f048                MOTORS
 .rodata.CSWTCH.539
                0x0800f058       0x10 bin/mpu6050.o
 .rodata.str1.1
                0x0800f068       0x89 bin/mpu6050.o
 *fill*         0x0800f0f1        0x3 00
 .rodata.CSWTCH.553
                0x0800f0f4       0x10 bin/mpu6050.o
 .rodata.str1.1
                0x0800f104       0x7f bin/hmc5883l.o
 .rodata.str1.1
                0x0800f183       0x75 bin/ms5611.o
 .rodata.str1.1
                0x0800f1f8       0x49 bin/crtp.o
                                 0x4b (size before relaxing)
 *fill*         0x0800f241        0x3 00
 .rodata.sequences
                0x0800f244       0x24 bin/ledseq.o
 .rodata.str1.1
                0x0800f268        0xc bin/ledseq.o
 .rodata.str1.1
                0x0800f274       0x12 bin/freeRTOSdebug.o
 .rodata.str1.1
                0x0800f286      0x164 bin/imu.o
                                0x186 (size before relaxing)
 *fill*         0x0800f3ea        0x2 00
 .rodata.bat671723HS25C
                0x0800f3ec       0x28 bin/pm.o
 .rodata.str1.1
                0x0800f414       0x1b bin/pm.o
                                 0x1e (size before relaxing)
 .rodata.str1.1
                0x0800f42f        0xa bin/radiolink.o
 .rodata.str1.1
                0x0800f439       0xac bin/system.o
                                 0xb4 (size before relaxing)
 .rodata.str1.1
                0x0800f4e5        0x6 bin/param.o
                                  0x7 (size before relaxing)
 .rodata.str1.1
                0x0800f4eb       0x18 bin/commander.o
                                 0x23 (size before relaxing)
 .rodata.str1.1
                0x0800f503       0x68 bin/controller.o
                                 0x7e (size before relaxing)
 .rodata.str1.1
                0x0800f56b       0x13 bin/sensfusion6.o
                                 0x27 (size before relaxing)
 .rodata.str1.1
                0x0800f57e      0x198 bin/stabilizer.o
                                0x1e8 (size before relaxing)
 .rodata.str1.1
                0x0800f716       0x12 bin/log.o
                                 0x13 (size before relaxing)
 .rodata.typeLength
                0x0800f728        0x9 bin/log.o
 .rodata.str1.1
                0x0800f731       0x28 bin/cfassert.o
 .rodata.digit  0x0800f759       0x10 bin/eprintf.o
 .rodata.V_MODIFIED
                0x0800f769        0x1 bin/version.o
                0x0800f769                V_MODIFIED
 .rodata.str1.1
                0x0800f76a       0x57 bin/version.o
                                 0x60 (size before relaxing)
 *fill*         0x0800f7c1        0x3 00
 .rodata.V_REVISION_0
                0x0800f7c4        0x4 bin/version.o
                0x0800f7c4                V_REVISION_0
 .rodata.V_REVISION_1
                0x0800f7c8        0x2 bin/version.o
                0x0800f7c8                V_REVISION_1
 *fill*         0x0800f7ca        0x6 00
 .rodata.atanlo
                0x0800f7d0       0x20 /usr0/home/merazo/bin/gcc-arm-none-eabi/bin/../lib/gcc/arm-none-eabi/4.7.3/../../../../arm-none-eabi/lib/armv7-m/libm.a(lib_a-s_atan.o)
 .rodata.atanhi
                0x0800f7f0       0x20 /usr0/home/merazo/bin/gcc-arm-none-eabi/bin/../lib/gcc/arm-none-eabi/4.7.3/../../../../arm-none-eabi/lib/armv7-m/libm.a(lib_a-s_atan.o)
 .rodata.str1.4
                0x0800f810        0x4 /usr0/home/merazo/bin/gcc-arm-none-eabi/bin/../lib/gcc/arm-none-eabi/4.7.3/../../../../arm-none-eabi/lib/armv7-m/libm.a(lib_a-w_pow.o)
 .rodata.str1.4
                0x0800f814        0x5 /usr0/home/merazo/bin/gcc-arm-none-eabi/bin/../lib/gcc/arm-none-eabi/4.7.3/../../../../arm-none-eabi/lib/armv7-m/libm.a(lib_a-w_sqrt.o)
                                  0x8 (size before relaxing)
 *fill*         0x0800f819        0x7 00
 .rodata.dp_h   0x0800f820       0x10 /usr0/home/merazo/bin/gcc-arm-none-eabi/bin/../lib/gcc/arm-none-eabi/4.7.3/../../../../arm-none-eabi/lib/armv7-m/libm.a(lib_a-e_pow.o)
 .rodata.dp_l   0x0800f830       0x10 /usr0/home/merazo/bin/gcc-arm-none-eabi/bin/../lib/gcc/arm-none-eabi/4.7.3/../../../../arm-none-eabi/lib/armv7-m/libm.a(lib_a-e_pow.o)
 .rodata.bp     0x0800f840       0x10 /usr0/home/merazo/bin/gcc-arm-none-eabi/bin/../lib/gcc/arm-none-eabi/4.7.3/../../../../arm-none-eabi/lib/armv7-m/libm.a(lib_a-e_pow.o)
 .rodata.str1.4
                0x00000000        0x8 /usr0/home/merazo/bin/gcc-arm-none-eabi/bin/../lib/gcc/arm-none-eabi/4.7.3/../../../../arm-none-eabi/lib/armv7-m/libm.a(lib_a-e_pow.o)
                                  0x4 (size before relaxing)
 .rodata.npio2_hw
                0x0800f850       0x80 /usr0/home/merazo/bin/gcc-arm-none-eabi/bin/../lib/gcc/arm-none-eabi/4.7.3/../../../../arm-none-eabi/lib/armv7-m/libm.a(lib_a-e_rem_pio2.o)
 .rodata.two_over_pi
                0x0800f8d0      0x108 /usr0/home/merazo/bin/gcc-arm-none-eabi/bin/../lib/gcc/arm-none-eabi/4.7.3/../../../../arm-none-eabi/lib/armv7-m/libm.a(lib_a-e_rem_pio2.o)
 .rodata.init_jk
                0x0800f9d8       0x10 /usr0/home/merazo/bin/gcc-arm-none-eabi/bin/../lib/gcc/arm-none-eabi/4.7.3/../../../../arm-none-eabi/lib/armv7-m/libm.a(lib_a-k_rem_pio2.o)
 .rodata.PIo2   0x0800f9e8       0x40 /usr0/home/merazo/bin/gcc-arm-none-eabi/bin/../lib/gcc/arm-none-eabi/4.7.3/../../../../arm-none-eabi/lib/armv7-m/libm.a(lib_a-k_rem_pio2.o)
 .rodata.TWO52  0x0800fa28       0x10 /usr0/home/merazo/bin/gcc-arm-none-eabi/bin/../lib/gcc/arm-none-eabi/4.7.3/../../../../arm-none-eabi/lib/armv7-m/libm.a(lib_a-s_rint.o)
 .rodata._ctype_
                0x0800fa38      0x104 /usr0/home/merazo/bin/gcc-arm-none-eabi/bin/../lib/gcc/arm-none-eabi/4.7.3/../../../../arm-none-eabi/lib/armv7-m/libc.a(lib_a-ctype_.o)
                0x0800fa38                _ctype_
 *(.glue_7)
 .glue_7        0x00000000        0x0 linker stubs
 *(.glue_7t)
 .glue_7t       0x00000000        0x0 linker stubs
 *(.vfp11_veneer)
 .vfp11_veneer  0x00000000        0x0 linker stubs
 *(.v4_bx)
 .v4_bx         0x00000000        0x0 linker stubs
 *(.ARM.extab* .gnu.linkonce.armextab.*)
 *(.init)
 *(.fini)
 *(.eh_frame)
                0x0800fb3c                . = ALIGN (0x4)
                0x0800fb3c                _param_start = .
 *(.param)
 *(.param.*)
 .param.imu_tests
                0x0800fb3c       0x3c bin/imu.o
 .param.imu_sensors
                0x0800fb78       0x30 bin/imu.o
 .param.imu_acc_lpf
                0x0800fba8       0x24 bin/imu.o
 .param.cpu     0x0800fbcc       0x48 bin/system.o
 .param.flightmode
                0x0800fc14       0x24 bin/commander.o
 .param.pid_rate
                0x0800fc38       0x84 bin/controller.o
 .param.pid_attitude
                0x0800fcbc       0x84 bin/controller.o
 .param.sensorfusion6
                0x0800fd40       0x30 bin/sensfusion6.o
 .param.altHold
                0x0800fd70       0xfc bin/stabilizer.o
 .param.firmware
                0x0800fe6c       0x3c bin/version.o
                0x0800fea8                _param_stop = .
                0x0800fea8                . = ALIGN (0x4)
                0x0800fea8                _log_start = .
 *(.log)
 *(.log.*)
 .log.pm        0x0800fea8       0x30 bin/pm.o
 .log.sys       0x0800fed8       0x24 bin/system.o
 .log.acc       0x0800fefc       0x54 bin/stabilizer.o
 .log.baro      0x0800ff50       0x54 bin/stabilizer.o
 .log.motor     0x0800ffa4       0x48 bin/stabilizer.o
 .log.stabilizer
                0x0800ffec       0x48 bin/stabilizer.o
 .log.altHold   0x08010034       0x60 bin/stabilizer.o
 .log.gyro      0x08010094       0x3c bin/stabilizer.o
 .log.vpid      0x080100d0       0x48 bin/stabilizer.o
 .log.mag       0x08010118       0x3c bin/stabilizer.o
                0x08010154                _log_stop = .
                0x08010154                . = ALIGN (0x4)
                0x08010154                _etext = .

.libc           0x08010154        0x8
                0x08010154                . = ALIGN (0x4)
 *(.ARM.exidx*)
 .ARM.exidx     0x08010154        0x8 /usr0/home/merazo/bin/gcc-arm-none-eabi/bin/../lib/gcc/arm-none-eabi/4.7.3/armv7-m/libgcc.a(_divdi3.o)
 .ARM.exidx     0x0801015c        0x0 /usr0/home/merazo/bin/gcc-arm-none-eabi/bin/../lib/gcc/arm-none-eabi/4.7.3/armv7-m/libgcc.a(_udivdi3.o)
                                  0x8 (size before relaxing)
                0x0801015c                . = ALIGN (0x4)
                0x0801015c                _elibc = .
                0x0801015c                _sidata = _elibc

.flashpatch     0x00000000        0x0
                0x00000000                . = ALIGN (0x4)
 *(.flashpatch)
                0x00000000                . = ALIGN (0x4)

.endflash       0x00000000        0x0
                0x00000000                . = ALIGN (0x4)
 *(.endflash)
                0x00000000                . = ALIGN (0x4)

.data           0x20000000      0x1e0 load address 0x0801015c
                0x20000000                . = ALIGN (0x4)
                0x20000000                _sdata = .
 *(.data)
 *(.data.*)
 .data.xNextTaskUnblockTime
                0x20000000        0x4 bin/tasks.o
 .data.xFreeBytesRemaining
                0x20000004        0x4 bin/heap_4.o
 .data.uxCriticalNesting
                0x20000008        0x4 bin/port.o
 .data.ADCPrescTable
                0x2000000c        0x4 bin/stm32f10x_rcc.o
 .data.APBAHBPrescTable
                0x20000010       0x10 bin/stm32f10x_rcc.o
 .data.nopLink  0x20000020       0x14 bin/crtp.o
 .data.link     0x20000034        0x4 bin/crtp.o
 .data.seq_testPassed
                0x20000038       0x78 bin/ledseq.o
                0x20000038                seq_testPassed
 .data.seq_alive
                0x200000b0       0x18 bin/ledseq.o
                0x200000b0                seq_alive
 .data.seq_lowbat
                0x200000c8       0x10 bin/ledseq.o
                0x200000c8                seq_lowbat
 .data.seq_charging
                0x200000d8       0x18 bin/ledseq.o
                0x200000d8                seq_charging
 .data.seq_linkup
                0x200000f0       0x18 bin/ledseq.o
                0x200000f0                seq_linkup
 .data.seq_calibrated
                0x20000108       0x18 bin/ledseq.o
                0x20000108                seq_calibrated
 .data.seq_charged
                0x20000120       0x10 bin/ledseq.o
                0x20000120                seq_charged
 .data.seq_armed
                0x20000130       0x18 bin/ledseq.o
                0x20000130                seq_armed
 .data.seq_bootloader
                0x20000148       0x18 bin/ledseq.o
                0x20000148                seq_bootloader
 .data.batteryVRefRawFilt
                0x20000160        0x4 bin/pm.o
 .data.batteryVRawFilt
                0x20000164        0x4 bin/pm.o
 .data.batteryVoltageMin
                0x20000168        0x4 bin/pm.o
 .data.radioOp  0x2000016c       0x14 bin/radiolink.o
 .data.q0       0x20000180        0x4 bin/sensfusion6.o
                0x20000180                q0
 .data.twoKi    0x20000184        0x4 bin/sensfusion6.o
                0x20000184                twoKi
 .data.twoKp    0x20000188        0x4 bin/sensfusion6.o
                0x20000188                twoKp
 .data.pidAlpha
                0x2000018c        0x4 bin/stabilizer.o
 .data.altHoldBaseThrust
                0x20000190        0x2 bin/stabilizer.o
 *fill*         0x20000192        0x2 00
 .data.altHoldChange_SENS
                0x20000194        0x4 bin/stabilizer.o
 .data.aslAlpha
                0x20000198        0x4 bin/stabilizer.o
 .data.altHoldErrMax
                0x2000019c        0x4 bin/stabilizer.o
 .data.vBiasAlpha
                0x200001a0        0x4 bin/stabilizer.o
 .data.altHoldMaxThrust
                0x200001a4        0x2 bin/stabilizer.o
 *fill*         0x200001a6        0x2 00
 .data.pidAslFac
                0x200001a8        0x4 bin/stabilizer.o
 .data.altHoldKi
                0x200001ac        0x4 bin/stabilizer.o
 .data.altHoldKp
                0x200001b0        0x4 bin/stabilizer.o
 .data.vSpeedASLDeadband
                0x200001b4        0x4 bin/stabilizer.o
 .data.vSpeedAccFac
                0x200001b8        0x4 bin/stabilizer.o
 .data.vSpeedLimit
                0x200001bc        0x4 bin/stabilizer.o
 .data.altHoldTarget
                0x200001c0        0x4 bin/stabilizer.o
 .data.vAccDeadband
                0x200001c4        0x4 bin/stabilizer.o
 .data.aslAlphaLong
                0x200001c8        0x4 bin/stabilizer.o
 .data.V_SREVISION
                0x200001cc        0x4 bin/version.o
                0x200001cc                V_SREVISION
 .data.V_STAG   0x200001d0        0x4 bin/version.o
                0x200001d0                V_STAG
 .data.V_SLOCAL_REVISION
                0x200001d4        0x4 bin/version.o
                0x200001d4                V_SLOCAL_REVISION
 .data.__fdlib_version
                0x200001d8        0x1 /usr0/home/merazo/bin/gcc-arm-none-eabi/bin/../lib/gcc/arm-none-eabi/4.7.3/../../../../arm-none-eabi/lib/armv7-m/libm.a(lib_a-s_lib_ver.o)
                0x200001d8                __fdlib_version
 *fill*         0x200001d9        0x3 00
 .data.__ctype_ptr__
                0x200001dc        0x4 /usr0/home/merazo/bin/gcc-arm-none-eabi/bin/../lib/gcc/arm-none-eabi/4.7.3/../../../../arm-none-eabi/lib/armv7-m/libc.a(lib_a-ctype_.o)
                0x200001dc                __ctype_ptr__
 *(.RAMtext)
                0x200001e0                . = ALIGN (0x4)
                0x200001e0                _edata = .

.bss            0x200001e0     0x4b5c load address 0x0801033c
                0x200001e0                . = ALIGN (0x4)
                0x200001e0                _sbss = .
 *(.bss)
 *(.bss.*)
 .bss.uxMissedTicks
                0x200001e0        0x4 bin/tasks.o
 .bss.pxDelayedTaskList
                0x200001e4        0x4 bin/tasks.o
 .bss.xSchedulerRunning
                0x200001e8        0x4 bin/tasks.o
 .bss.uxSchedulerSuspended
                0x200001ec        0x4 bin/tasks.o
 .bss.xNumOfOverflows
                0x200001f0        0x4 bin/tasks.o
 .bss.xDelayedTaskList2
                0x200001f4       0x14 bin/tasks.o
 .bss.pxReadyTasksLists
                0x20000208       0x64 bin/tasks.o
 .bss.pxCurrentTCB
                0x2000026c        0x4 bin/tasks.o
                0x2000026c                pxCurrentTCB
 .bss.xPendingReadyList
                0x20000270       0x14 bin/tasks.o
 .bss.xTickCount
                0x20000284        0x4 bin/tasks.o
 .bss.pxOverflowDelayedTaskList
                0x20000288        0x4 bin/tasks.o
 .bss.uxTopReadyPriority
                0x2000028c        0x4 bin/tasks.o
 .bss.uxTaskNumber
                0x20000290        0x4 bin/tasks.o
 .bss.xDelayedTaskList1
                0x20000294       0x14 bin/tasks.o
 .bss.xMissedYield
                0x200002a8        0x4 bin/tasks.o
 .bss.uxCurrentNumberOfTasks